EESchema (2007-01-15)  >> Creation date: 12/9/2007-19:24:45

#Cmp ( order = Reference )
| BT1        BATTERY     
| C1         100nF       
| C10        4n7F        
| C2         100nF       
| C3         100nF       
| C4         100nF       
| C5         22pF        
| C6         22pF        
| C7         470nF       
| C8         47uF        
| C9         47uF        
| D1         DIODESCH    
| D10        LEDRGB      
| D11        LEDRGB      
| D12        LEDRGB      
| D13        LEDRGB      
| D14        LEDRGB      
| D15        LEDRGB      
| D16        LEDRGB      
| D17        LEDRGB      
| D18        LEDRGB      
| D19        LEDRGB      
| D2         DIODESCH    
| D20        LEDRGB      
| D21        LEDRGB      
| D22        LEDRGB      
| D23        LEDRGB      
| D24        LEDRGB      
| D25        LEDRGB      
| D26        LEDRGB      
| D27        LEDRGB      
| D28        LEDRGB      
| D29        LEDRGB      
| D3         LEDRGB      
| D30        LEDRGB      
| D31        LEDRGB      
| D32        LEDRGB      
| D33        LEDRGB      
| D34        LEDRGB      
| D35        LEDRGB      
| D36        LEDRGB      
| D37        LEDRGB      
| D38        LEDRGB      
| D39        LEDRGB      
| D4         LEDRGB      
| D40        LEDRGB      
| D41        LEDRGB      
| D42        LEDRGB      
| D43        LEDRGB      
| D44        LEDRGB      
| D45        LEDRGB      
| D46        LEDRGB      
| D47        LEDRGB      
| D48        LEDRGB      
| D49        LEDRGB      
| D5         LEDRGB      
| D50        LEDRGB      
| D6         LEDRGB      
| D7         LEDRGB      
| D8         LEDRGB      
| D9         LEDRGB      
| J1         USB         
| L1         22uH        
| P1         CONN_5      
| Q1         FET_N       
| Q2         FET_N       
| Q3         FET_N       
| Q4         FET_N       
| Q5         FET_N       
| Q6         FET_N       
| Q7         FET_P       
| Q8         FET_P       
| R1         120R        
| R10        1k          
| R11        1k          
| R12        56R         
| R13        56R         
| R14        56R         
| R15        56R         
| R16        56R         
| R17        56R         
| R18        56R         
| R19        56R         
| R2         120R        
| R20        56R         
| R21        56R         
| R22        56R         
| R23        56R         
| R24        56R         
| R25        56R         
| R26        56R         
| R27        56R         
| R3         120R        
| R4         120R        
| R5         120R        
| R6         120R        
| R7         120R        
| R8         120R        
| R9         1k          
| SW1        SW_PUSH     
| U***1      PIC18F4550  
| U1         TC120       
| X1         20MHZ       
#End Cmp

#Cmp ( order = Value )
| 100nF        C1        
| 100nF        C2        
| 100nF        C3        
| 100nF        C4        
| 120R         R1        
| 120R         R2        
| 120R         R3        
| 120R         R4        
| 120R         R5        
| 120R         R6        
| 120R         R7        
| 120R         R8        
| 1k           R10       
| 1k           R11       
| 1k           R9        
| 20MHZ        X1        
| 22pF         C5        
| 22pF         C6        
| 22uH         L1        
| 470nF        C7        
| 47uF         C8        
| 47uF         C9        
| 4n7F         C10       
| 56R          R12       
| 56R          R13       
| 56R          R14       
| 56R          R15       
| 56R          R16       
| 56R          R17       
| 56R          R18       
| 56R          R19       
| 56R          R20       
| 56R          R21       
| 56R          R22       
| 56R          R23       
| 56R          R24       
| 56R          R25       
| 56R          R26       
| 56R          R27       
| BATTERY      BT1       
| CONN_5       P1        
| DIODESCH     D1        
| DIODESCH     D2        
| FET_N        Q1        
| FET_N        Q2        
| FET_N        Q3        
| FET_N        Q4        
| FET_N        Q5        
| FET_N        Q6        
| FET_P        Q7        
| FET_P        Q8        
| LEDRGB       D10       
| LEDRGB       D11       
| LEDRGB       D12       
| LEDRGB       D13       
| LEDRGB       D14       
| LEDRGB       D15       
| LEDRGB       D16       
| LEDRGB       D17       
| LEDRGB       D18       
| LEDRGB       D19       
| LEDRGB       D20       
| LEDRGB       D21       
| LEDRGB       D22       
| LEDRGB       D23       
| LEDRGB       D24       
| LEDRGB       D25       
| LEDRGB       D26       
| LEDRGB       D27       
| LEDRGB       D28       
| LEDRGB       D29       
| LEDRGB       D3        
| LEDRGB       D30       
| LEDRGB       D31       
| LEDRGB       D32       
| LEDRGB       D33       
| LEDRGB       D34       
| LEDRGB       D35       
| LEDRGB       D36       
| LEDRGB       D37       
| LEDRGB       D38       
| LEDRGB       D39       
| LEDRGB       D4        
| LEDRGB       D40       
| LEDRGB       D41       
| LEDRGB       D42       
| LEDRGB       D43       
| LEDRGB       D44       
| LEDRGB       D45       
| LEDRGB       D46       
| LEDRGB       D47       
| LEDRGB       D48       
| LEDRGB       D49       
| LEDRGB       D5        
| LEDRGB       D50       
| LEDRGB       D6        
| LEDRGB       D7        
| LEDRGB       D8        
| LEDRGB       D9        
| PIC18F4550   U***1     
| SW_PUSH      SW1       
| TC120        U1        
| USB          J1        
#End Cmp

#End List
