MPLINK 4.06.04, Linker
Linker Map File - Created Fri Dec 07 21:38:50 2007

                                 Section Info
                  Section       Type    Address   Location Size(Bytes)
                ---------  ---------  ---------  ---------  ---------
               _entry_scn       code   0x000000    program   0x000006
   _HIGH_INTERRUPT_VECTOR       code   0x000008    program   0x000006
    _LOW_INTERRUPT_VECTOR       code   0x000018    program   0x000006
_RESET_INTERRUPT_VECTOR_BOOT       code   0x000800    program   0x000006
_HIGH_INTERRUPT_VECTOR_BOOT       code   0x000808    program   0x000006
_LOW_INTERRUPT_VECTOR_BOOT       code   0x000818    program   0x000006
                   .cinit    romdata   0x00082a    program   0x000002
             .code_main.o       code   0x00082c    program   0x0011da
               _cinit_scn       code   0x001a06    program   0x00009e
                     PROG       code   0x001aa4    program   0x00003c
             _startup_scn       code   0x001ae0    program   0x000018
         .idata_c018i.o_i    romdata   0x001af8    program   0x000000
         .romdata_c018i.o    romdata   0x001af8    program   0x000000
            .code_c018i.o       code   0x001af8    program   0x000000
          .idata_main.o_i    romdata   0x001af8    program   0x000000
          .romdata_main.o    romdata   0x001af8    program   0x000000
    .config_300000_main.o    romdata   0x300000    program   0x000001
    .config_300001_main.o    romdata   0x300001    program   0x000001
    .config_300002_main.o    romdata   0x300002    program   0x000001
    .config_300003_main.o    romdata   0x300003    program   0x000001
    .config_300005_main.o    romdata   0x300005    program   0x000001
    .config_300006_main.o    romdata   0x300006    program   0x000001
    .config_300009_main.o    romdata   0x300009    program   0x000001
    .config_30000b_main.o    romdata   0x30000b    program   0x000001
                MATH_DATA      udata   0x000000       data   0x000014
                 .tmpdata      udata   0x000014       data   0x000008
                 PWMARRAY      udata   0x000100       data   0x0000ad
           .udata_c018i.o      udata   0x0001ad       data   0x00000a
            .udata_main.o      udata   0x0001b7       data   0x000004
           .idata_c018i.o      idata   0x0001bb       data   0x000000
            .idata_main.o      idata   0x0001bb       data   0x000000
                   .stack      udata   0x000300       data   0x000100
            SFR_UNBANKED0      udata   0x000f62       data   0x00009e



                              Program Memory Usage 
                               Start         End      
                           ---------   ---------      
                            0x000000    0x000005      
                            0x000008    0x00000d      
                            0x000018    0x00001d      
                            0x000800    0x000805      
                            0x000808    0x00080d      
                            0x000818    0x00081d      
                            0x00082a    0x001af7      
                            0x300000    0x300003      
                            0x300005    0x300006      
                            0x300009    0x300009      
                            0x30000b    0x30000b      
            4858 out of 33048 program addresses used, program memory utilization is 14%



                              Symbols - Sorted by Name
                     Name    Address   Location    Storage File                     
                ---------  ---------  ---------  --------- ---------                
                 FXM1616U   0x001aa4    program     extern C:\MCC18\SRC\TRADIT~1\MATH\fxm1616u.asm
     InterruptHandlerHigh   0x00082c    program     extern G:\BikeImage\Code Main\main.c
      InterruptHandlerLow   0x00083a    program     extern G:\BikeImage\Code Main\main.c
       ___case_0_lbl00021   0x0012ac    program     static                          
       ___case_0_lbl00035   0x0014d6    program     static                          
       ___case_1_lbl00022   0x0012b0    program     static                          
       ___case_1_lbl00036   0x0014da    program     static                          
       ___case_2_lbl00023   0x0012b4    program     static                          
       ___case_2_lbl00037   0x0014de    program     static                          
       ___case_3_lbl00024   0x0012b8    program     static                          
       ___case_3_lbl00038   0x0014e2    program     static                          
       ___case_4_lbl00025   0x0012bc    program     static                          
       ___case_4_lbl00039   0x0014e6    program     static                          
       ___case_5_lbl00026   0x0012c0    program     static                          
       ___case_5_lbl00040   0x0014ea    program     static                          
           ___if_lbl00027   0x0012c4    program     static                          
           ___if_lbl00028   0x001346    program     static                          
           ___if_lbl00029   0x001422    program     static                          
           ___if_lbl00030   0x001460    program     static                          
           ___if_lbl00031   0x001460    program     static                          
           ___if_lbl00032   0x0014b8    program     static                          
           ___if_lbl00033   0x0014b8    program     static                          
           ___if_lbl00041   0x001540    program     static                          
           ___if_lbl00042   0x001540    program     static                          
       ___return_lbl00000   0x000004    program     static                          
       ___return_lbl00000   0x000804    program     static                          
       ___return_lbl00001   0x00080c    program     static                          
       ___return_lbl00001   0x001af6    program     static                          
       ___return_lbl00002   0x00000c    program     static                          
       ___return_lbl00002   0x001aa2    program     static                          
       ___return_lbl00003   0x00081c    program     static                          
       ___return_lbl00004   0x00001c    program     static                          
       ___return_lbl00014   0x001214    program     static                          
       ___return_lbl00017   0x001a04    program     static                          
   ___switchexit_lbl00020   0x0012c4    program     static                          
   ___switchexit_lbl00034   0x0014ee    program     static                          
        ___while_lbl00018   0x001282    program     static                          
        ___while_lbl00019   0x001a04    program     static                          
               __config_0   0x300000    program     static G:\BikeImage\Code Main\main.c
               __config_1   0x300001    program     static G:\BikeImage\Code Main\main.c
               __config_2   0x300002    program     static G:\BikeImage\Code Main\main.c
               __config_3   0x300003    program     static G:\BikeImage\Code Main\main.c
               __config_4   0x300005    program     static G:\BikeImage\Code Main\main.c
               __config_5   0x300006    program     static G:\BikeImage\Code Main\main.c
               __config_6   0x300009    program     static G:\BikeImage\Code Main\main.c
               __config_7   0x30000b    program     static G:\BikeImage\Code Main\main.c
               __tmplbl_1   0x00130c    program     static                          
               __tmplbl_2   0x00139a    program     static                          
               __tmplbl_3   0x00145e    program     static                          
               __tmplbl_4   0x0014a4    program     static                          
               __tmplbl_5   0x00152c    program     static                          
                _do_cinit   0x001a06    program     extern C:\MCC18\src\traditional\startup\c018i.c
                   _entry   0x000000    program     extern C:\MCC18\src\traditional\startup\c018i.c
                _high_ISR   0x000008    program     extern G:\BikeImage\Code Main\main.c
           _high_ISR_boot   0x000808    program     extern G:\BikeImage\Code Main\main.c
                 _low_ISR   0x000018    program     extern G:\BikeImage\Code Main\main.c
            _low_ISR_boot   0x000818    program     extern G:\BikeImage\Code Main\main.c
              _reset_boot   0x000800    program     extern G:\BikeImage\Code Main\main.c
                 _startup   0x001ae0    program     extern C:\MCC18\src\traditional\startup\c018i.c
                copy_loop   0x001a78    program     static                          
            copy_one_byte   0x001a7e    program     static                          
                     diff   0x000a08    program     extern G:\BikeImage\Code Main\main.c
                     done   0x001aa2    program     static                          
             done_copying   0x001a8c    program     static                          
              effect_next   0x00121c    program     extern G:\BikeImage\Code Main\main.c
             effect_reset   0x001216    program     extern G:\BikeImage\Code Main\main.c
                      end   0x001a02    program     static                          
                     loop   0x001af0    program     static                          
                     main   0x001222    program     extern G:\BikeImage\Code Main\main.c
                  on_init   0x000876    program     extern G:\BikeImage\Code Main\main.c
                 pwm_init   0x0008b8    program     extern G:\BikeImage\Code Main\main.c
              read_pixels   0x000b00    program     extern G:\BikeImage\Code Main\main.c
                segment_0   0x00156e    program     static                          
                segment_1   0x001632    program     static                          
                segment_2   0x0016f6    program     static                          
                segment_3   0x0017ba    program     static                          
                segment_4   0x00187e    program     static                          
                segment_5   0x001942    program     static                          
                 set_mclr   0x000ab6    program     extern G:\BikeImage\Code Main\main.c
                     test   0x001a20    program     static                          
              timer1_init   0x00085c    program     extern G:\BikeImage\Code Main\main.c
                   ADCON0   0x000fc2       data     extern C:\MCC18\SRC\TRADIT~1\PROC\p18f4550.asm
               ADCON0bits   0x000fc2       data     extern C:\MCC18\SRC\TRADIT~1\PROC\p18f4550.asm
                   ADCON1   0x000fc1       data     extern C:\MCC18\SRC\TRADIT~1\PROC\p18f4550.asm
               ADCON1bits   0x000fc1       data     extern C:\MCC18\SRC\TRADIT~1\PROC\p18f4550.asm
                   ADCON2   0x000fc0       data     extern C:\MCC18\SRC\TRADIT~1\PROC\p18f4550.asm
               ADCON2bits   0x000fc0       data     extern C:\MCC18\SRC\TRADIT~1\PROC\p18f4550.asm
                    ADRES   0x000fc3       data     extern C:\MCC18\SRC\TRADIT~1\PROC\p18f4550.asm
                   ADRESH   0x000fc4       data     extern C:\MCC18\SRC\TRADIT~1\PROC\p18f4550.asm
                   ADRESL   0x000fc3       data     extern C:\MCC18\SRC\TRADIT~1\PROC\p18f4550.asm
                  BAUDCON   0x000fb8       data     extern C:\MCC18\SRC\TRADIT~1\PROC\p18f4550.asm
              BAUDCONbits   0x000fb8       data     extern C:\MCC18\SRC\TRADIT~1\PROC\p18f4550.asm
                      BSR   0x000fe0       data     extern C:\MCC18\SRC\TRADIT~1\PROC\p18f4550.asm
                   CCP1AS   0x000fb6       data     extern C:\MCC18\SRC\TRADIT~1\PROC\p18f4550.asm
               CCP1ASbits   0x000fb6       data     extern C:\MCC18\SRC\TRADIT~1\PROC\p18f4550.asm
                  CCP1CON   0x000fbd       data     extern C:\MCC18\SRC\TRADIT~1\PROC\p18f4550.asm
              CCP1CONbits   0x000fbd       data     extern C:\MCC18\SRC\TRADIT~1\PROC\p18f4550.asm
                  CCP1DEL   0x000fb7       data     extern C:\MCC18\SRC\TRADIT~1\PROC\p18f4550.asm
              CCP1DELbits   0x000fb7       data     extern C:\MCC18\SRC\TRADIT~1\PROC\p18f4550.asm
                  CCP2CON   0x000fba       data     extern C:\MCC18\SRC\TRADIT~1\PROC\p18f4550.asm
              CCP2CONbits   0x000fba       data     extern C:\MCC18\SRC\TRADIT~1\PROC\p18f4550.asm
                    CCPR1   0x000fbe       data     extern C:\MCC18\SRC\TRADIT~1\PROC\p18f4550.asm
                   CCPR1H   0x000fbf       data     extern C:\MCC18\SRC\TRADIT~1\PROC\p18f4550.asm
                   CCPR1L   0x000fbe       data     extern C:\MCC18\SRC\TRADIT~1\PROC\p18f4550.asm
                    CCPR2   0x000fbb       data     extern C:\MCC18\SRC\TRADIT~1\PROC\p18f4550.asm
                   CCPR2H   0x000fbc       data     extern C:\MCC18\SRC\TRADIT~1\PROC\p18f4550.asm
                   CCPR2L   0x000fbb       data     extern C:\MCC18\SRC\TRADIT~1\PROC\p18f4550.asm
                    CMCON   0x000fb4       data     extern C:\MCC18\SRC\TRADIT~1\PROC\p18f4550.asm
                CMCONbits   0x000fb4       data     extern C:\MCC18\SRC\TRADIT~1\PROC\p18f4550.asm
                   CVRCON   0x000fb5       data     extern C:\MCC18\SRC\TRADIT~1\PROC\p18f4550.asm
               CVRCONbits   0x000fb5       data     extern C:\MCC18\SRC\TRADIT~1\PROC\p18f4550.asm
            CorrectedTime   0x00019d       data     static G:\BikeImage\Code Main\main.c
             CurrentPixel   0x000193       data     static G:\BikeImage\Code Main\main.c
                     DDRA   0x000f92       data     extern C:\MCC18\SRC\TRADIT~1\PROC\p18f4550.asm
                 DDRAbits   0x000f92       data     extern C:\MCC18\SRC\TRADIT~1\PROC\p18f4550.asm
                     DDRB   0x000f93       data     extern C:\MCC18\SRC\TRADIT~1\PROC\p18f4550.asm
                 DDRBbits   0x000f93       data     extern C:\MCC18\SRC\TRADIT~1\PROC\p18f4550.asm
                     DDRC   0x000f94       data     extern C:\MCC18\SRC\TRADIT~1\PROC\p18f4550.asm
                 DDRCbits   0x000f94       data     extern C:\MCC18\SRC\TRADIT~1\PROC\p18f4550.asm
                     DDRD   0x000f95       data     extern C:\MCC18\SRC\TRADIT~1\PROC\p18f4550.asm
                 DDRDbits   0x000f95       data     extern C:\MCC18\SRC\TRADIT~1\PROC\p18f4550.asm
                     DDRE   0x000f96       data     extern C:\MCC18\SRC\TRADIT~1\PROC\p18f4550.asm
                 DDREbits   0x000f96       data     extern C:\MCC18\SRC\TRADIT~1\PROC\p18f4550.asm
                  ECCP1AS   0x000fb6       data     extern C:\MCC18\SRC\TRADIT~1\PROC\p18f4550.asm
              ECCP1ASbits   0x000fb6       data     extern C:\MCC18\SRC\TRADIT~1\PROC\p18f4550.asm
                 ECCP1CON   0x000fbd       data     extern C:\MCC18\SRC\TRADIT~1\PROC\p18f4550.asm
             ECCP1CONbits   0x000fbd       data     extern C:\MCC18\SRC\TRADIT~1\PROC\p18f4550.asm
                 ECCP1DEL   0x000fb7       data     extern C:\MCC18\SRC\TRADIT~1\PROC\p18f4550.asm
             ECCP1DELbits   0x000fb7       data     extern C:\MCC18\SRC\TRADIT~1\PROC\p18f4550.asm
                    EEADR   0x000fa9       data     extern C:\MCC18\SRC\TRADIT~1\PROC\p18f4550.asm
                   EECON1   0x000fa6       data     extern C:\MCC18\SRC\TRADIT~1\PROC\p18f4550.asm
               EECON1bits   0x000fa6       data     extern C:\MCC18\SRC\TRADIT~1\PROC\p18f4550.asm
                   EECON2   0x000fa7       data     extern C:\MCC18\SRC\TRADIT~1\PROC\p18f4550.asm
                   EEDATA   0x000fa8       data     extern C:\MCC18\SRC\TRADIT~1\PROC\p18f4550.asm
             EffectLength   0x0001a9       data     static G:\BikeImage\Code Main\main.c
        EffectPixelOffset   0x000194       data     static G:\BikeImage\Code Main\main.c
              EffectStart   0x0001a5       data     static G:\BikeImage\Code Main\main.c
                     FSR0   0x000fe9       data     extern C:\MCC18\SRC\TRADIT~1\PROC\p18f4550.asm
                    FSR0H   0x000fea       data     extern C:\MCC18\SRC\TRADIT~1\PROC\p18f4550.asm
                    FSR0L   0x000fe9       data     extern C:\MCC18\SRC\TRADIT~1\PROC\p18f4550.asm
                     FSR1   0x000fe1       data     extern C:\MCC18\SRC\TRADIT~1\PROC\p18f4550.asm
                    FSR1H   0x000fe2       data     extern C:\MCC18\SRC\TRADIT~1\PROC\p18f4550.asm
                    FSR1L   0x000fe1       data     extern C:\MCC18\SRC\TRADIT~1\PROC\p18f4550.asm
                     FSR2   0x000fd9       data     extern C:\MCC18\SRC\TRADIT~1\PROC\p18f4550.asm
                    FSR2H   0x000fda       data     extern C:\MCC18\SRC\TRADIT~1\PROC\p18f4550.asm
                    FSR2L   0x000fd9       data     extern C:\MCC18\SRC\TRADIT~1\PROC\p18f4550.asm
                  HLVDCON   0x000fd2       data     extern C:\MCC18\SRC\TRADIT~1\PROC\p18f4550.asm
              HLVDCONbits   0x000fd2       data     extern C:\MCC18\SRC\TRADIT~1\PROC\p18f4550.asm
                    INDF0   0x000fef       data     extern C:\MCC18\SRC\TRADIT~1\PROC\p18f4550.asm
                    INDF1   0x000fe7       data     extern C:\MCC18\SRC\TRADIT~1\PROC\p18f4550.asm
                    INDF2   0x000fdf       data     extern C:\MCC18\SRC\TRADIT~1\PROC\p18f4550.asm
                   INTCON   0x000ff2       data     extern C:\MCC18\SRC\TRADIT~1\PROC\p18f4550.asm
                  INTCON2   0x000ff1       data     extern C:\MCC18\SRC\TRADIT~1\PROC\p18f4550.asm
              INTCON2bits   0x000ff1       data     extern C:\MCC18\SRC\TRADIT~1\PROC\p18f4550.asm
                  INTCON3   0x000ff0       data     extern C:\MCC18\SRC\TRADIT~1\PROC\p18f4550.asm
              INTCON3bits   0x000ff0       data     extern C:\MCC18\SRC\TRADIT~1\PROC\p18f4550.asm
               INTCONbits   0x000ff2       data     extern C:\MCC18\SRC\TRADIT~1\PROC\p18f4550.asm
                     IPR1   0x000f9f       data     extern C:\MCC18\SRC\TRADIT~1\PROC\p18f4550.asm
                 IPR1bits   0x000f9f       data     extern C:\MCC18\SRC\TRADIT~1\PROC\p18f4550.asm
                     IPR2   0x000fa2       data     extern C:\MCC18\SRC\TRADIT~1\PROC\p18f4550.asm
                 IPR2bits   0x000fa2       data     extern C:\MCC18\SRC\TRADIT~1\PROC\p18f4550.asm
                     LATA   0x000f89       data     extern C:\MCC18\SRC\TRADIT~1\PROC\p18f4550.asm
                 LATAbits   0x000f89       data     extern C:\MCC18\SRC\TRADIT~1\PROC\p18f4550.asm
                     LATB   0x000f8a       data     extern C:\MCC18\SRC\TRADIT~1\PROC\p18f4550.asm
                 LATBbits   0x000f8a       data     extern C:\MCC18\SRC\TRADIT~1\PROC\p18f4550.asm
                     LATC   0x000f8b       data     extern C:\MCC18\SRC\TRADIT~1\PROC\p18f4550.asm
                 LATCbits   0x000f8b       data     extern C:\MCC18\SRC\TRADIT~1\PROC\p18f4550.asm
                     LATD   0x000f8c       data     extern C:\MCC18\SRC\TRADIT~1\PROC\p18f4550.asm
                 LATDbits   0x000f8c       data     extern C:\MCC18\SRC\TRADIT~1\PROC\p18f4550.asm
                     LATE   0x000f8d       data     extern C:\MCC18\SRC\TRADIT~1\PROC\p18f4550.asm
                 LATEbits   0x000f8d       data     extern C:\MCC18\SRC\TRADIT~1\PROC\p18f4550.asm
                   LVDCON   0x000fd2       data     extern C:\MCC18\SRC\TRADIT~1\PROC\p18f4550.asm
               LVDCONbits   0x000fd2       data     extern C:\MCC18\SRC\TRADIT~1\PROC\p18f4550.asm
                   OSCCON   0x000fd3       data     extern C:\MCC18\SRC\TRADIT~1\PROC\p18f4550.asm
               OSCCONbits   0x000fd3       data     extern C:\MCC18\SRC\TRADIT~1\PROC\p18f4550.asm
                  OSCTUNE   0x000f9b       data     extern C:\MCC18\SRC\TRADIT~1\PROC\p18f4550.asm
              OSCTUNEbits   0x000f9b       data     extern C:\MCC18\SRC\TRADIT~1\PROC\p18f4550.asm
                       PC   0x000ff9       data     extern C:\MCC18\SRC\TRADIT~1\PROC\p18f4550.asm
                      PCL   0x000ff9       data     extern C:\MCC18\SRC\TRADIT~1\PROC\p18f4550.asm
                   PCLATH   0x000ffa       data     extern C:\MCC18\SRC\TRADIT~1\PROC\p18f4550.asm
                   PCLATU   0x000ffb       data     extern C:\MCC18\SRC\TRADIT~1\PROC\p18f4550.asm
                     PIE1   0x000f9d       data     extern C:\MCC18\SRC\TRADIT~1\PROC\p18f4550.asm
                 PIE1bits   0x000f9d       data     extern C:\MCC18\SRC\TRADIT~1\PROC\p18f4550.asm
                     PIE2   0x000fa0       data     extern C:\MCC18\SRC\TRADIT~1\PROC\p18f4550.asm
                 PIE2bits   0x000fa0       data     extern C:\MCC18\SRC\TRADIT~1\PROC\p18f4550.asm
                     PIR1   0x000f9e       data     extern C:\MCC18\SRC\TRADIT~1\PROC\p18f4550.asm
                 PIR1bits   0x000f9e       data     extern C:\MCC18\SRC\TRADIT~1\PROC\p18f4550.asm
                     PIR2   0x000fa1       data     extern C:\MCC18\SRC\TRADIT~1\PROC\p18f4550.asm
                 PIR2bits   0x000fa1       data     extern C:\MCC18\SRC\TRADIT~1\PROC\p18f4550.asm
                   PLUSW0   0x000feb       data     extern C:\MCC18\SRC\TRADIT~1\PROC\p18f4550.asm
                   PLUSW1   0x000fe3       data     extern C:\MCC18\SRC\TRADIT~1\PROC\p18f4550.asm
                   PLUSW2   0x000fdb       data     extern C:\MCC18\SRC\TRADIT~1\PROC\p18f4550.asm
                    PORTA   0x000f80       data     extern C:\MCC18\SRC\TRADIT~1\PROC\p18f4550.asm
                PORTAbits   0x000f80       data     extern C:\MCC18\SRC\TRADIT~1\PROC\p18f4550.asm
                    PORTB   0x000f81       data     extern C:\MCC18\SRC\TRADIT~1\PROC\p18f4550.asm
                PORTBbits   0x000f81       data     extern C:\MCC18\SRC\TRADIT~1\PROC\p18f4550.asm
                    PORTC   0x000f82       data     extern C:\MCC18\SRC\TRADIT~1\PROC\p18f4550.asm
                PORTCbits   0x000f82       data     extern C:\MCC18\SRC\TRADIT~1\PROC\p18f4550.asm
                    PORTD   0x000f83       data     extern C:\MCC18\SRC\TRADIT~1\PROC\p18f4550.asm
                PORTDbits   0x000f83       data     extern C:\MCC18\SRC\TRADIT~1\PROC\p18f4550.asm
                    PORTE   0x000f84       data     extern C:\MCC18\SRC\TRADIT~1\PROC\p18f4550.asm
                PORTEbits   0x000f84       data     extern C:\MCC18\SRC\TRADIT~1\PROC\p18f4550.asm
                 POSTDEC0   0x000fed       data     extern C:\MCC18\SRC\TRADIT~1\PROC\p18f4550.asm
                 POSTDEC1   0x000fe5       data     extern C:\MCC18\SRC\TRADIT~1\PROC\p18f4550.asm
                 POSTDEC2   0x000fdd       data     extern C:\MCC18\SRC\TRADIT~1\PROC\p18f4550.asm
                 POSTINC0   0x000fee       data     extern C:\MCC18\SRC\TRADIT~1\PROC\p18f4550.asm
                 POSTINC1   0x000fe6       data     extern C:\MCC18\SRC\TRADIT~1\PROC\p18f4550.asm
                 POSTINC2   0x000fde       data     extern C:\MCC18\SRC\TRADIT~1\PROC\p18f4550.asm
                      PR2   0x000fcb       data     extern C:\MCC18\SRC\TRADIT~1\PROC\p18f4550.asm
                  PREINC0   0x000fec       data     extern C:\MCC18\SRC\TRADIT~1\PROC\p18f4550.asm
                  PREINC1   0x000fe4       data     extern C:\MCC18\SRC\TRADIT~1\PROC\p18f4550.asm
                  PREINC2   0x000fdc       data     extern C:\MCC18\SRC\TRADIT~1\PROC\p18f4550.asm
                     PROD   0x000ff3       data     extern C:\MCC18\SRC\TRADIT~1\PROC\p18f4550.asm
                    PRODH   0x000ff4       data     extern C:\MCC18\SRC\TRADIT~1\PROC\p18f4550.asm
                    PRODL   0x000ff3       data     extern C:\MCC18\SRC\TRADIT~1\PROC\p18f4550.asm
                   PWM0_0   0x000100       data     static G:\BikeImage\Code Main\main.c
                   PWM0_1   0x000118       data     static G:\BikeImage\Code Main\main.c
                   PWM0_2   0x000130       data     static G:\BikeImage\Code Main\main.c
                   PWM0_3   0x000148       data     static G:\BikeImage\Code Main\main.c
                   PWM0_4   0x000160       data     static G:\BikeImage\Code Main\main.c
                   PWM0_5   0x000178       data     static G:\BikeImage\Code Main\main.c
                  PWM10_0   0x00010a       data     static G:\BikeImage\Code Main\main.c
                  PWM10_1   0x000122       data     static G:\BikeImage\Code Main\main.c
                  PWM10_2   0x00013a       data     static G:\BikeImage\Code Main\main.c
                  PWM10_3   0x000152       data     static G:\BikeImage\Code Main\main.c
                  PWM10_4   0x00016a       data     static G:\BikeImage\Code Main\main.c
                  PWM10_5   0x000182       data     static G:\BikeImage\Code Main\main.c
                  PWM11_0   0x00010b       data     static G:\BikeImage\Code Main\main.c
                  PWM11_1   0x000123       data     static G:\BikeImage\Code Main\main.c
                  PWM11_2   0x00013b       data     static G:\BikeImage\Code Main\main.c
                  PWM11_3   0x000153       data     static G:\BikeImage\Code Main\main.c
                  PWM11_4   0x00016b       data     static G:\BikeImage\Code Main\main.c
                  PWM11_5   0x000183       data     static G:\BikeImage\Code Main\main.c
                  PWM12_0   0x00010c       data     static G:\BikeImage\Code Main\main.c
                  PWM12_1   0x000124       data     static G:\BikeImage\Code Main\main.c
                  PWM12_2   0x00013c       data     static G:\BikeImage\Code Main\main.c
                  PWM12_3   0x000154       data     static G:\BikeImage\Code Main\main.c
                  PWM12_4   0x00016c       data     static G:\BikeImage\Code Main\main.c
                  PWM12_5   0x000184       data     static G:\BikeImage\Code Main\main.c
                  PWM13_0   0x00010d       data     static G:\BikeImage\Code Main\main.c
                  PWM13_1   0x000125       data     static G:\BikeImage\Code Main\main.c
                  PWM13_2   0x00013d       data     static G:\BikeImage\Code Main\main.c
                  PWM13_3   0x000155       data     static G:\BikeImage\Code Main\main.c
                  PWM13_4   0x00016d       data     static G:\BikeImage\Code Main\main.c
                  PWM13_5   0x000185       data     static G:\BikeImage\Code Main\main.c
                  PWM14_0   0x00010e       data     static G:\BikeImage\Code Main\main.c
                  PWM14_1   0x000126       data     static G:\BikeImage\Code Main\main.c
                  PWM14_2   0x00013e       data     static G:\BikeImage\Code Main\main.c
                  PWM14_3   0x000156       data     static G:\BikeImage\Code Main\main.c
                  PWM14_4   0x00016e       data     static G:\BikeImage\Code Main\main.c
                  PWM14_5   0x000186       data     static G:\BikeImage\Code Main\main.c
                  PWM15_0   0x00010f       data     static G:\BikeImage\Code Main\main.c
                  PWM15_1   0x000127       data     static G:\BikeImage\Code Main\main.c
                  PWM15_2   0x00013f       data     static G:\BikeImage\Code Main\main.c
                  PWM15_3   0x000157       data     static G:\BikeImage\Code Main\main.c
                  PWM15_4   0x00016f       data     static G:\BikeImage\Code Main\main.c
                  PWM15_5   0x000187       data     static G:\BikeImage\Code Main\main.c
                  PWM16_0   0x000110       data     static G:\BikeImage\Code Main\main.c
                  PWM16_1   0x000128       data     static G:\BikeImage\Code Main\main.c
                  PWM16_2   0x000140       data     static G:\BikeImage\Code Main\main.c
                  PWM16_3   0x000158       data     static G:\BikeImage\Code Main\main.c
                  PWM16_4   0x000170       data     static G:\BikeImage\Code Main\main.c
                  PWM16_5   0x000188       data     static G:\BikeImage\Code Main\main.c
                  PWM17_0   0x000111       data     static G:\BikeImage\Code Main\main.c
                  PWM17_1   0x000129       data     static G:\BikeImage\Code Main\main.c
                  PWM17_2   0x000141       data     static G:\BikeImage\Code Main\main.c
                  PWM17_3   0x000159       data     static G:\BikeImage\Code Main\main.c
                  PWM17_4   0x000171       data     static G:\BikeImage\Code Main\main.c
                  PWM17_5   0x000189       data     static G:\BikeImage\Code Main\main.c
                  PWM18_0   0x000112       data     static G:\BikeImage\Code Main\main.c
                  PWM18_1   0x00012a       data     static G:\BikeImage\Code Main\main.c
                  PWM18_2   0x000142       data     static G:\BikeImage\Code Main\main.c
                  PWM18_3   0x00015a       data     static G:\BikeImage\Code Main\main.c
                  PWM18_4   0x000172       data     static G:\BikeImage\Code Main\main.c
                  PWM18_5   0x00018a       data     static G:\BikeImage\Code Main\main.c
                  PWM19_0   0x000113       data     static G:\BikeImage\Code Main\main.c
                  PWM19_1   0x00012b       data     static G:\BikeImage\Code Main\main.c
                  PWM19_2   0x000143       data     static G:\BikeImage\Code Main\main.c
                  PWM19_3   0x00015b       data     static G:\BikeImage\Code Main\main.c
                  PWM19_4   0x000173       data     static G:\BikeImage\Code Main\main.c
                  PWM19_5   0x00018b       data     static G:\BikeImage\Code Main\main.c
                   PWM1_0   0x000101       data     static G:\BikeImage\Code Main\main.c
                   PWM1_1   0x000119       data     static G:\BikeImage\Code Main\main.c
                   PWM1_2   0x000131       data     static G:\BikeImage\Code Main\main.c
                   PWM1_3   0x000149       data     static G:\BikeImage\Code Main\main.c
                   PWM1_4   0x000161       data     static G:\BikeImage\Code Main\main.c
                   PWM1_5   0x000179       data     static G:\BikeImage\Code Main\main.c
                  PWM20_0   0x000114       data     static G:\BikeImage\Code Main\main.c
                  PWM20_1   0x00012c       data     static G:\BikeImage\Code Main\main.c
                  PWM20_2   0x000144       data     static G:\BikeImage\Code Main\main.c
                  PWM20_3   0x00015c       data     static G:\BikeImage\Code Main\main.c
                  PWM20_4   0x000174       data     static G:\BikeImage\Code Main\main.c
                  PWM20_5   0x00018c       data     static G:\BikeImage\Code Main\main.c
                  PWM21_0   0x000115       data     static G:\BikeImage\Code Main\main.c
                  PWM21_1   0x00012d       data     static G:\BikeImage\Code Main\main.c
                  PWM21_2   0x000145       data     static G:\BikeImage\Code Main\main.c
                  PWM21_3   0x00015d       data     static G:\BikeImage\Code Main\main.c
                  PWM21_4   0x000175       data     static G:\BikeImage\Code Main\main.c
                  PWM21_5   0x00018d       data     static G:\BikeImage\Code Main\main.c
                  PWM22_0   0x000116       data     static G:\BikeImage\Code Main\main.c
                  PWM22_1   0x00012e       data     static G:\BikeImage\Code Main\main.c
                  PWM22_2   0x000146       data     static G:\BikeImage\Code Main\main.c
                  PWM22_3   0x00015e       data     static G:\BikeImage\Code Main\main.c
                  PWM22_4   0x000176       data     static G:\BikeImage\Code Main\main.c
                  PWM22_5   0x00018e       data     static G:\BikeImage\Code Main\main.c
                  PWM23_0   0x000117       data     static G:\BikeImage\Code Main\main.c
                  PWM23_1   0x00012f       data     static G:\BikeImage\Code Main\main.c
                  PWM23_2   0x000147       data     static G:\BikeImage\Code Main\main.c
                  PWM23_3   0x00015f       data     static G:\BikeImage\Code Main\main.c
                  PWM23_4   0x000177       data     static G:\BikeImage\Code Main\main.c
                  PWM23_5   0x00018f       data     static G:\BikeImage\Code Main\main.c
                   PWM2_0   0x000102       data     static G:\BikeImage\Code Main\main.c
                   PWM2_1   0x00011a       data     static G:\BikeImage\Code Main\main.c
                   PWM2_2   0x000132       data     static G:\BikeImage\Code Main\main.c
                   PWM2_3   0x00014a       data     static G:\BikeImage\Code Main\main.c
                   PWM2_4   0x000162       data     static G:\BikeImage\Code Main\main.c
                   PWM2_5   0x00017a       data     static G:\BikeImage\Code Main\main.c
                   PWM3_0   0x000103       data     static G:\BikeImage\Code Main\main.c
                   PWM3_1   0x00011b       data     static G:\BikeImage\Code Main\main.c
                   PWM3_2   0x000133       data     static G:\BikeImage\Code Main\main.c
                   PWM3_3   0x00014b       data     static G:\BikeImage\Code Main\main.c
                   PWM3_4   0x000163       data     static G:\BikeImage\Code Main\main.c
                   PWM3_5   0x00017b       data     static G:\BikeImage\Code Main\main.c
                   PWM4_0   0x000104       data     static G:\BikeImage\Code Main\main.c
                   PWM4_1   0x00011c       data     static G:\BikeImage\Code Main\main.c
                   PWM4_2   0x000134       data     static G:\BikeImage\Code Main\main.c
                   PWM4_3   0x00014c       data     static G:\BikeImage\Code Main\main.c
                   PWM4_4   0x000164       data     static G:\BikeImage\Code Main\main.c
                   PWM4_5   0x00017c       data     static G:\BikeImage\Code Main\main.c
                   PWM5_0   0x000105       data     static G:\BikeImage\Code Main\main.c
                   PWM5_1   0x00011d       data     static G:\BikeImage\Code Main\main.c
                   PWM5_2   0x000135       data     static G:\BikeImage\Code Main\main.c
                   PWM5_3   0x00014d       data     static G:\BikeImage\Code Main\main.c
                   PWM5_4   0x000165       data     static G:\BikeImage\Code Main\main.c
                   PWM5_5   0x00017d       data     static G:\BikeImage\Code Main\main.c
                   PWM6_0   0x000106       data     static G:\BikeImage\Code Main\main.c
                   PWM6_1   0x00011e       data     static G:\BikeImage\Code Main\main.c
                   PWM6_2   0x000136       data     static G:\BikeImage\Code Main\main.c
                   PWM6_3   0x00014e       data     static G:\BikeImage\Code Main\main.c
                   PWM6_4   0x000166       data     static G:\BikeImage\Code Main\main.c
                   PWM6_5   0x00017e       data     static G:\BikeImage\Code Main\main.c
                   PWM7_0   0x000107       data     static G:\BikeImage\Code Main\main.c
                   PWM7_1   0x00011f       data     static G:\BikeImage\Code Main\main.c
                   PWM7_2   0x000137       data     static G:\BikeImage\Code Main\main.c
                   PWM7_3   0x00014f       data     static G:\BikeImage\Code Main\main.c
                   PWM7_4   0x000167       data     static G:\BikeImage\Code Main\main.c
                   PWM7_5   0x00017f       data     static G:\BikeImage\Code Main\main.c
                   PWM8_0   0x000108       data     static G:\BikeImage\Code Main\main.c
                   PWM8_1   0x000120       data     static G:\BikeImage\Code Main\main.c
                   PWM8_2   0x000138       data     static G:\BikeImage\Code Main\main.c
                   PWM8_3   0x000150       data     static G:\BikeImage\Code Main\main.c
                   PWM8_4   0x000168       data     static G:\BikeImage\Code Main\main.c
                   PWM8_5   0x000180       data     static G:\BikeImage\Code Main\main.c
                   PWM9_0   0x000109       data     static G:\BikeImage\Code Main\main.c
                   PWM9_1   0x000121       data     static G:\BikeImage\Code Main\main.c
                   PWM9_2   0x000139       data     static G:\BikeImage\Code Main\main.c
                   PWM9_3   0x000151       data     static G:\BikeImage\Code Main\main.c
                   PWM9_4   0x000169       data     static G:\BikeImage\Code Main\main.c
                   PWM9_5   0x000181       data     static G:\BikeImage\Code Main\main.c
             PWMTickCount   0x000190       data     static G:\BikeImage\Code Main\main.c
                    Pixel   0x000192       data     static G:\BikeImage\Code Main\main.c
             PixelPointer   0x000195       data     static G:\BikeImage\Code Main\main.c
        PixelPointerLower   0x000198       data     static G:\BikeImage\Code Main\main.c
        PixelPointerUpper   0x000197       data     static G:\BikeImage\Code Main\main.c
                     RCON   0x000fd0       data     extern C:\MCC18\SRC\TRADIT~1\PROC\p18f4550.asm
                 RCONbits   0x000fd0       data     extern C:\MCC18\SRC\TRADIT~1\PROC\p18f4550.asm
                    RCREG   0x000fae       data     extern C:\MCC18\SRC\TRADIT~1\PROC\p18f4550.asm
                    RCSTA   0x000fab       data     extern C:\MCC18\SRC\TRADIT~1\PROC\p18f4550.asm
                RCSTAbits   0x000fab       data     extern C:\MCC18\SRC\TRADIT~1\PROC\p18f4550.asm
                     SIGN   0x000000       data     extern C:\MCC18\SRC\TRADIT~1\MATH\cmath18.asm
                    SPBRG   0x000faf       data     extern C:\MCC18\SRC\TRADIT~1\PROC\p18f4550.asm
                   SPBRGH   0x000fb0       data     extern C:\MCC18\SRC\TRADIT~1\PROC\p18f4550.asm
                   SPPCFG   0x000f63       data     extern C:\MCC18\SRC\TRADIT~1\PROC\p18f4550.asm
               SPPCFGbits   0x000f63       data     extern C:\MCC18\SRC\TRADIT~1\PROC\p18f4550.asm
                   SPPCON   0x000f65       data     extern C:\MCC18\SRC\TRADIT~1\PROC\p18f4550.asm
               SPPCONbits   0x000f65       data     extern C:\MCC18\SRC\TRADIT~1\PROC\p18f4550.asm
                  SPPDATA   0x000f62       data     extern C:\MCC18\SRC\TRADIT~1\PROC\p18f4550.asm
                   SPPEPS   0x000f64       data     extern C:\MCC18\SRC\TRADIT~1\PROC\p18f4550.asm
               SPPEPSbits   0x000f64       data     extern C:\MCC18\SRC\TRADIT~1\PROC\p18f4550.asm
                   SSPADD   0x000fc8       data     extern C:\MCC18\SRC\TRADIT~1\PROC\p18f4550.asm
                   SSPBUF   0x000fc9       data     extern C:\MCC18\SRC\TRADIT~1\PROC\p18f4550.asm
                  SSPCON1   0x000fc6       data     extern C:\MCC18\SRC\TRADIT~1\PROC\p18f4550.asm
              SSPCON1bits   0x000fc6       data     extern C:\MCC18\SRC\TRADIT~1\PROC\p18f4550.asm
                  SSPCON2   0x000fc5       data     extern C:\MCC18\SRC\TRADIT~1\PROC\p18f4550.asm
              SSPCON2bits   0x000fc5       data     extern C:\MCC18\SRC\TRADIT~1\PROC\p18f4550.asm
                  SSPSTAT   0x000fc7       data     extern C:\MCC18\SRC\TRADIT~1\PROC\p18f4550.asm
              SSPSTATbits   0x000fc7       data     extern C:\MCC18\SRC\TRADIT~1\PROC\p18f4550.asm
                   STATUS   0x000fd8       data     extern C:\MCC18\SRC\TRADIT~1\PROC\p18f4550.asm
               STATUSbits   0x000fd8       data     extern C:\MCC18\SRC\TRADIT~1\PROC\p18f4550.asm
                   STKPTR   0x000ffc       data     extern C:\MCC18\SRC\TRADIT~1\PROC\p18f4550.asm
               STKPTRbits   0x000ffc       data     extern C:\MCC18\SRC\TRADIT~1\PROC\p18f4550.asm
                  Segment   0x000191       data     static G:\BikeImage\Code Main\main.c
                    T0CON   0x000fd5       data     extern C:\MCC18\SRC\TRADIT~1\PROC\p18f4550.asm
                T0CONbits   0x000fd5       data     extern C:\MCC18\SRC\TRADIT~1\PROC\p18f4550.asm
                    T1CON   0x000fcd       data     extern C:\MCC18\SRC\TRADIT~1\PROC\p18f4550.asm
                T1CONbits   0x000fcd       data     extern C:\MCC18\SRC\TRADIT~1\PROC\p18f4550.asm
                    T2CON   0x000fca       data     extern C:\MCC18\SRC\TRADIT~1\PROC\p18f4550.asm
                T2CONbits   0x000fca       data     extern C:\MCC18\SRC\TRADIT~1\PROC\p18f4550.asm
                    T3CON   0x000fb1       data     extern C:\MCC18\SRC\TRADIT~1\PROC\p18f4550.asm
                T3CONbits   0x000fb1       data     extern C:\MCC18\SRC\TRADIT~1\PROC\p18f4550.asm
                   TABLAT   0x000ff5       data     extern C:\MCC18\SRC\TRADIT~1\PROC\p18f4550.asm
                   TBLPTR   0x000ff6       data     extern C:\MCC18\SRC\TRADIT~1\PROC\p18f4550.asm
                  TBLPTRH   0x000ff7       data     extern C:\MCC18\SRC\TRADIT~1\PROC\p18f4550.asm
                  TBLPTRL   0x000ff6       data     extern C:\MCC18\SRC\TRADIT~1\PROC\p18f4550.asm
                  TBLPTRU   0x000ff8       data     extern C:\MCC18\SRC\TRADIT~1\PROC\p18f4550.asm
                    TMR0H   0x000fd7       data     extern C:\MCC18\SRC\TRADIT~1\PROC\p18f4550.asm
                    TMR0L   0x000fd6       data     extern C:\MCC18\SRC\TRADIT~1\PROC\p18f4550.asm
                    TMR1H   0x000fcf       data     extern C:\MCC18\SRC\TRADIT~1\PROC\p18f4550.asm
                    TMR1L   0x000fce       data     extern C:\MCC18\SRC\TRADIT~1\PROC\p18f4550.asm
                     TMR2   0x000fcc       data     extern C:\MCC18\SRC\TRADIT~1\PROC\p18f4550.asm
                    TMR3H   0x000fb3       data     extern C:\MCC18\SRC\TRADIT~1\PROC\p18f4550.asm
                    TMR3L   0x000fb2       data     extern C:\MCC18\SRC\TRADIT~1\PROC\p18f4550.asm
                      TOS   0x000ffd       data     extern C:\MCC18\SRC\TRADIT~1\PROC\p18f4550.asm
                     TOSH   0x000ffe       data     extern C:\MCC18\SRC\TRADIT~1\PROC\p18f4550.asm
                     TOSL   0x000ffd       data     extern C:\MCC18\SRC\TRADIT~1\PROC\p18f4550.asm
                     TOSU   0x000fff       data     extern C:\MCC18\SRC\TRADIT~1\PROC\p18f4550.asm
                    TRISA   0x000f92       data     extern C:\MCC18\SRC\TRADIT~1\PROC\p18f4550.asm
                TRISAbits   0x000f92       data     extern C:\MCC18\SRC\TRADIT~1\PROC\p18f4550.asm
                    TRISB   0x000f93       data     extern C:\MCC18\SRC\TRADIT~1\PROC\p18f4550.asm
                TRISBbits   0x000f93       data     extern C:\MCC18\SRC\TRADIT~1\PROC\p18f4550.asm
                    TRISC   0x000f94       data     extern C:\MCC18\SRC\TRADIT~1\PROC\p18f4550.asm
                TRISCbits   0x000f94       data     extern C:\MCC18\SRC\TRADIT~1\PROC\p18f4550.asm
                    TRISD   0x000f95       data     extern C:\MCC18\SRC\TRADIT~1\PROC\p18f4550.asm
                TRISDbits   0x000f95       data     extern C:\MCC18\SRC\TRADIT~1\PROC\p18f4550.asm
                    TRISE   0x000f96       data     extern C:\MCC18\SRC\TRADIT~1\PROC\p18f4550.asm
                TRISEbits   0x000f96       data     extern C:\MCC18\SRC\TRADIT~1\PROC\p18f4550.asm
                    TXREG   0x000fad       data     extern C:\MCC18\SRC\TRADIT~1\PROC\p18f4550.asm
                    TXSTA   0x000fac       data     extern C:\MCC18\SRC\TRADIT~1\PROC\p18f4550.asm
                TXSTAbits   0x000fac       data     extern C:\MCC18\SRC\TRADIT~1\PROC\p18f4550.asm
               TargetTime   0x000199       data     static G:\BikeImage\Code Main\main.c
                TickCount   0x0001b7       data     extern G:\BikeImage\Code Main\main.c
                TurnStart   0x0001a1       data     static G:\BikeImage\Code Main\main.c
                    UADDR   0x000f6e       data     extern C:\MCC18\SRC\TRADIT~1\PROC\p18f4550.asm
                UADDRbits   0x000f6e       data     extern C:\MCC18\SRC\TRADIT~1\PROC\p18f4550.asm
                     UCFG   0x000f6f       data     extern C:\MCC18\SRC\TRADIT~1\PROC\p18f4550.asm
                 UCFGbits   0x000f6f       data     extern C:\MCC18\SRC\TRADIT~1\PROC\p18f4550.asm
                     UCON   0x000f6d       data     extern C:\MCC18\SRC\TRADIT~1\PROC\p18f4550.asm
                 UCONbits   0x000f6d       data     extern C:\MCC18\SRC\TRADIT~1\PROC\p18f4550.asm
                     UEIE   0x000f6b       data     extern C:\MCC18\SRC\TRADIT~1\PROC\p18f4550.asm
                 UEIEbits   0x000f6b       data     extern C:\MCC18\SRC\TRADIT~1\PROC\p18f4550.asm
                     UEIR   0x000f6a       data     extern C:\MCC18\SRC\TRADIT~1\PROC\p18f4550.asm
                 UEIRbits   0x000f6a       data     extern C:\MCC18\SRC\TRADIT~1\PROC\p18f4550.asm
                     UEP0   0x000f70       data     extern C:\MCC18\SRC\TRADIT~1\PROC\p18f4550.asm
                 UEP0bits   0x000f70       data     extern C:\MCC18\SRC\TRADIT~1\PROC\p18f4550.asm
                     UEP1   0x000f71       data     extern C:\MCC18\SRC\TRADIT~1\PROC\p18f4550.asm
                    UEP10   0x000f7a       data     extern C:\MCC18\SRC\TRADIT~1\PROC\p18f4550.asm
                UEP10bits   0x000f7a       data     extern C:\MCC18\SRC\TRADIT~1\PROC\p18f4550.asm
                    UEP11   0x000f7b       data     extern C:\MCC18\SRC\TRADIT~1\PROC\p18f4550.asm
                UEP11bits   0x000f7b       data     extern C:\MCC18\SRC\TRADIT~1\PROC\p18f4550.asm
                    UEP12   0x000f7c       data     extern C:\MCC18\SRC\TRADIT~1\PROC\p18f4550.asm
                UEP12bits   0x000f7c       data     extern C:\MCC18\SRC\TRADIT~1\PROC\p18f4550.asm
                    UEP13   0x000f7d       data     extern C:\MCC18\SRC\TRADIT~1\PROC\p18f4550.asm
                UEP13bits   0x000f7d       data     extern C:\MCC18\SRC\TRADIT~1\PROC\p18f4550.asm
                    UEP14   0x000f7e       data     extern C:\MCC18\SRC\TRADIT~1\PROC\p18f4550.asm
                UEP14bits   0x000f7e       data     extern C:\MCC18\SRC\TRADIT~1\PROC\p18f4550.asm
                    UEP15   0x000f7f       data     extern C:\MCC18\SRC\TRADIT~1\PROC\p18f4550.asm
                UEP15bits   0x000f7f       data     extern C:\MCC18\SRC\TRADIT~1\PROC\p18f4550.asm
                 UEP1bits   0x000f71       data     extern C:\MCC18\SRC\TRADIT~1\PROC\p18f4550.asm
                     UEP2   0x000f72       data     extern C:\MCC18\SRC\TRADIT~1\PROC\p18f4550.asm
                 UEP2bits   0x000f72       data     extern C:\MCC18\SRC\TRADIT~1\PROC\p18f4550.asm
                     UEP3   0x000f73       data     extern C:\MCC18\SRC\TRADIT~1\PROC\p18f4550.asm
                 UEP3bits   0x000f73       data     extern C:\MCC18\SRC\TRADIT~1\PROC\p18f4550.asm
                     UEP4   0x000f74       data     extern C:\MCC18\SRC\TRADIT~1\PROC\p18f4550.asm
                 UEP4bits   0x000f74       data     extern C:\MCC18\SRC\TRADIT~1\PROC\p18f4550.asm
                     UEP5   0x000f75       data     extern C:\MCC18\SRC\TRADIT~1\PROC\p18f4550.asm
                 UEP5bits   0x000f75       data     extern C:\MCC18\SRC\TRADIT~1\PROC\p18f4550.asm
                     UEP6   0x000f76       data     extern C:\MCC18\SRC\TRADIT~1\PROC\p18f4550.asm
                 UEP6bits   0x000f76       data     extern C:\MCC18\SRC\TRADIT~1\PROC\p18f4550.asm
                     UEP7   0x000f77       data     extern C:\MCC18\SRC\TRADIT~1\PROC\p18f4550.asm
                 UEP7bits   0x000f77       data     extern C:\MCC18\SRC\TRADIT~1\PROC\p18f4550.asm
                     UEP8   0x000f78       data     extern C:\MCC18\SRC\TRADIT~1\PROC\p18f4550.asm
                 UEP8bits   0x000f78       data     extern C:\MCC18\SRC\TRADIT~1\PROC\p18f4550.asm
                     UEP9   0x000f79       data     extern C:\MCC18\SRC\TRADIT~1\PROC\p18f4550.asm
                 UEP9bits   0x000f79       data     extern C:\MCC18\SRC\TRADIT~1\PROC\p18f4550.asm
                     UFRM   0x000f66       data     extern C:\MCC18\SRC\TRADIT~1\PROC\p18f4550.asm
                    UFRMH   0x000f67       data     extern C:\MCC18\SRC\TRADIT~1\PROC\p18f4550.asm
                UFRMHbits   0x000f67       data     extern C:\MCC18\SRC\TRADIT~1\PROC\p18f4550.asm
                    UFRML   0x000f66       data     extern C:\MCC18\SRC\TRADIT~1\PROC\p18f4550.asm
                UFRMLbits   0x000f66       data     extern C:\MCC18\SRC\TRADIT~1\PROC\p18f4550.asm
                      UIE   0x000f69       data     extern C:\MCC18\SRC\TRADIT~1\PROC\p18f4550.asm
                  UIEbits   0x000f69       data     extern C:\MCC18\SRC\TRADIT~1\PROC\p18f4550.asm
                      UIR   0x000f68       data     extern C:\MCC18\SRC\TRADIT~1\PROC\p18f4550.asm
                  UIRbits   0x000f68       data     extern C:\MCC18\SRC\TRADIT~1\PROC\p18f4550.asm
                    USTAT   0x000f6c       data     extern C:\MCC18\SRC\TRADIT~1\PROC\p18f4550.asm
                USTATbits   0x000f6c       data     extern C:\MCC18\SRC\TRADIT~1\PROC\p18f4550.asm
                   WDTCON   0x000fd1       data     extern C:\MCC18\SRC\TRADIT~1\PROC\p18f4550.asm
               WDTCONbits   0x000fd1       data     extern C:\MCC18\SRC\TRADIT~1\PROC\p18f4550.asm
                     WREG   0x000fe8       data     extern C:\MCC18\SRC\TRADIT~1\PROC\p18f4550.asm
                 __AARGB0   0x000009       data     extern C:\MCC18\SRC\TRADIT~1\MATH\aarg.asm
                 __AARGB1   0x000008       data     extern C:\MCC18\SRC\TRADIT~1\MATH\aarg.asm
                 __AARGB2   0x000007       data     extern C:\MCC18\SRC\TRADIT~1\MATH\aarg.asm
                 __AARGB3   0x000006       data     extern C:\MCC18\SRC\TRADIT~1\MATH\aarg.asm
                 __AARGB4   0x000005       data     extern C:\MCC18\SRC\TRADIT~1\MATH\aarg.asm
                 __AARGB5   0x000004       data     extern C:\MCC18\SRC\TRADIT~1\MATH\aarg.asm
                 __AARGB6   0x000003       data     extern C:\MCC18\SRC\TRADIT~1\MATH\aarg.asm
                 __AARGB7   0x000002       data     extern C:\MCC18\SRC\TRADIT~1\MATH\aarg.asm
                   __AEXP   0x00000a       data     extern C:\MCC18\SRC\TRADIT~1\MATH\aarg.asm
                 __BARGB0   0x00000e       data     extern C:\MCC18\SRC\TRADIT~1\MATH\barg.asm
                 __BARGB1   0x00000d       data     extern C:\MCC18\SRC\TRADIT~1\MATH\barg.asm
                 __BARGB2   0x00000c       data     extern C:\MCC18\SRC\TRADIT~1\MATH\barg.asm
                 __BARGB3   0x00000b       data     extern C:\MCC18\SRC\TRADIT~1\MATH\barg.asm
                   __BEXP   0x00000f       data     extern C:\MCC18\SRC\TRADIT~1\MATH\barg.asm
                __FPFLAGS   0x000001       data     extern C:\MCC18\SRC\TRADIT~1\MATH\cmath18.asm
            __FPFLAGSbits   0x000001       data     extern C:\MCC18\SRC\TRADIT~1\MATH\cmath18.asm
                  __REMB0   0x000005       data     extern C:\MCC18\SRC\TRADIT~1\MATH\aarg.asm
                  __REMB1   0x000004       data     extern C:\MCC18\SRC\TRADIT~1\MATH\aarg.asm
                  __REMB2   0x000003       data     extern C:\MCC18\SRC\TRADIT~1\MATH\aarg.asm
                  __REMB3   0x000002       data     extern C:\MCC18\SRC\TRADIT~1\MATH\aarg.asm
                   __TEMP   0x000013       data     extern C:\MCC18\SRC\TRADIT~1\MATH\temparg.asm
                 __TEMPB0   0x000013       data     extern C:\MCC18\SRC\TRADIT~1\MATH\temparg.asm
                 __TEMPB1   0x000012       data     extern C:\MCC18\SRC\TRADIT~1\MATH\temparg.asm
                 __TEMPB2   0x000011       data     extern C:\MCC18\SRC\TRADIT~1\MATH\temparg.asm
                 __TEMPB3   0x000010       data     extern C:\MCC18\SRC\TRADIT~1\MATH\temparg.asm
                  __tmp_0   0x000014       data     static G:\BikeImage\Code Main\main.c
                curr_byte   0x0001b0       data     static C:\MCC18\src\traditional\startup\c018i.c
               curr_entry   0x0001b2       data     static C:\MCC18\src\traditional\startup\c018i.c
                 data_ptr   0x0001b4       data     static C:\MCC18\src\traditional\startup\c018i.c
                     prom   0x0001ad       data     static C:\MCC18\src\traditional\startup\c018i.c



                              Symbols - Sorted by Address
                     Name    Address   Location    Storage File                     
                ---------  ---------  ---------  --------- ---------                
                   _entry   0x000000    program     extern C:\MCC18\src\traditional\startup\c018i.c
       ___return_lbl00000   0x000004    program     static                          
                _high_ISR   0x000008    program     extern G:\BikeImage\Code Main\main.c
       ___return_lbl00002   0x00000c    program     static                          
                 _low_ISR   0x000018    program     extern G:\BikeImage\Code Main\main.c
       ___return_lbl00004   0x00001c    program     static                          
              _reset_boot   0x000800    program     extern G:\BikeImage\Code Main\main.c
       ___return_lbl00000   0x000804    program     static                          
           _high_ISR_boot   0x000808    program     extern G:\BikeImage\Code Main\main.c
       ___return_lbl00001   0x00080c    program     static                          
            _low_ISR_boot   0x000818    program     extern G:\BikeImage\Code Main\main.c
       ___return_lbl00003   0x00081c    program     static                          
     InterruptHandlerHigh   0x00082c    program     extern G:\BikeImage\Code Main\main.c
      InterruptHandlerLow   0x00083a    program     extern G:\BikeImage\Code Main\main.c
              timer1_init   0x00085c    program     extern G:\BikeImage\Code Main\main.c
                  on_init   0x000876    program     extern G:\BikeImage\Code Main\main.c
                 pwm_init   0x0008b8    program     extern G:\BikeImage\Code Main\main.c
                     diff   0x000a08    program     extern G:\BikeImage\Code Main\main.c
                 set_mclr   0x000ab6    program     extern G:\BikeImage\Code Main\main.c
              read_pixels   0x000b00    program     extern G:\BikeImage\Code Main\main.c
       ___return_lbl00014   0x001214    program     static                          
             effect_reset   0x001216    program     extern G:\BikeImage\Code Main\main.c
              effect_next   0x00121c    program     extern G:\BikeImage\Code Main\main.c
                     main   0x001222    program     extern G:\BikeImage\Code Main\main.c
        ___while_lbl00018   0x001282    program     static                          
       ___case_0_lbl00021   0x0012ac    program     static                          
       ___case_1_lbl00022   0x0012b0    program     static                          
       ___case_2_lbl00023   0x0012b4    program     static                          
       ___case_3_lbl00024   0x0012b8    program     static                          
       ___case_4_lbl00025   0x0012bc    program     static                          
       ___case_5_lbl00026   0x0012c0    program     static                          
           ___if_lbl00027   0x0012c4    program     static                          
   ___switchexit_lbl00020   0x0012c4    program     static                          
               __tmplbl_1   0x00130c    program     static                          
           ___if_lbl00028   0x001346    program     static                          
               __tmplbl_2   0x00139a    program     static                          
           ___if_lbl00029   0x001422    program     static                          
               __tmplbl_3   0x00145e    program     static                          
           ___if_lbl00031   0x001460    program     static                          
           ___if_lbl00030   0x001460    program     static                          
               __tmplbl_4   0x0014a4    program     static                          
           ___if_lbl00033   0x0014b8    program     static                          
           ___if_lbl00032   0x0014b8    program     static                          
       ___case_0_lbl00035   0x0014d6    program     static                          
       ___case_1_lbl00036   0x0014da    program     static                          
       ___case_2_lbl00037   0x0014de    program     static                          
       ___case_3_lbl00038   0x0014e2    program     static                          
       ___case_4_lbl00039   0x0014e6    program     static                          
       ___case_5_lbl00040   0x0014ea    program     static                          
   ___switchexit_lbl00034   0x0014ee    program     static                          
               __tmplbl_5   0x00152c    program     static                          
           ___if_lbl00042   0x001540    program     static                          
           ___if_lbl00041   0x001540    program     static                          
                segment_0   0x00156e    program     static                          
                segment_1   0x001632    program     static                          
                segment_2   0x0016f6    program     static                          
                segment_3   0x0017ba    program     static                          
                segment_4   0x00187e    program     static                          
                segment_5   0x001942    program     static                          
                      end   0x001a02    program     static                          
        ___while_lbl00019   0x001a04    program     static                          
       ___return_lbl00017   0x001a04    program     static                          
                _do_cinit   0x001a06    program     extern C:\MCC18\src\traditional\startup\c018i.c
                     test   0x001a20    program     static                          
                copy_loop   0x001a78    program     static                          
            copy_one_byte   0x001a7e    program     static                          
             done_copying   0x001a8c    program     static                          
                     done   0x001aa2    program     static                          
       ___return_lbl00002   0x001aa2    program     static                          
                 FXM1616U   0x001aa4    program     extern C:\MCC18\SRC\TRADIT~1\MATH\fxm1616u.asm
                 _startup   0x001ae0    program     extern C:\MCC18\src\traditional\startup\c018i.c
                     loop   0x001af0    program     static                          
       ___return_lbl00001   0x001af6    program     static                          
               __config_0   0x300000    program     static G:\BikeImage\Code Main\main.c
               __config_1   0x300001    program     static G:\BikeImage\Code Main\main.c
               __config_2   0x300002    program     static G:\BikeImage\Code Main\main.c
               __config_3   0x300003    program     static G:\BikeImage\Code Main\main.c
               __config_4   0x300005    program     static G:\BikeImage\Code Main\main.c
               __config_5   0x300006    program     static G:\BikeImage\Code Main\main.c
               __config_6   0x300009    program     static G:\BikeImage\Code Main\main.c
               __config_7   0x30000b    program     static G:\BikeImage\Code Main\main.c
                     SIGN   0x000000       data     extern C:\MCC18\SRC\TRADIT~1\MATH\cmath18.asm
                __FPFLAGS   0x000001       data     extern C:\MCC18\SRC\TRADIT~1\MATH\cmath18.asm
            __FPFLAGSbits   0x000001       data     extern C:\MCC18\SRC\TRADIT~1\MATH\cmath18.asm
                 __AARGB7   0x000002       data     extern C:\MCC18\SRC\TRADIT~1\MATH\aarg.asm
                  __REMB3   0x000002       data     extern C:\MCC18\SRC\TRADIT~1\MATH\aarg.asm
                 __AARGB6   0x000003       data     extern C:\MCC18\SRC\TRADIT~1\MATH\aarg.asm
                  __REMB2   0x000003       data     extern C:\MCC18\SRC\TRADIT~1\MATH\aarg.asm
                 __AARGB5   0x000004       data     extern C:\MCC18\SRC\TRADIT~1\MATH\aarg.asm
                  __REMB1   0x000004       data     extern C:\MCC18\SRC\TRADIT~1\MATH\aarg.asm
                 __AARGB4   0x000005       data     extern C:\MCC18\SRC\TRADIT~1\MATH\aarg.asm
                  __REMB0   0x000005       data     extern C:\MCC18\SRC\TRADIT~1\MATH\aarg.asm
                 __AARGB3   0x000006       data     extern C:\MCC18\SRC\TRADIT~1\MATH\aarg.asm
                 __AARGB2   0x000007       data     extern C:\MCC18\SRC\TRADIT~1\MATH\aarg.asm
                 __AARGB1   0x000008       data     extern C:\MCC18\SRC\TRADIT~1\MATH\aarg.asm
                 __AARGB0   0x000009       data     extern C:\MCC18\SRC\TRADIT~1\MATH\aarg.asm
                   __AEXP   0x00000a       data     extern C:\MCC18\SRC\TRADIT~1\MATH\aarg.asm
                 __BARGB3   0x00000b       data     extern C:\MCC18\SRC\TRADIT~1\MATH\barg.asm
                 __BARGB2   0x00000c       data     extern C:\MCC18\SRC\TRADIT~1\MATH\barg.asm
                 __BARGB1   0x00000d       data     extern C:\MCC18\SRC\TRADIT~1\MATH\barg.asm
                 __BARGB0   0x00000e       data     extern C:\MCC18\SRC\TRADIT~1\MATH\barg.asm
                   __BEXP   0x00000f       data     extern C:\MCC18\SRC\TRADIT~1\MATH\barg.asm
                 __TEMPB3   0x000010       data     extern C:\MCC18\SRC\TRADIT~1\MATH\temparg.asm
                 __TEMPB2   0x000011       data     extern C:\MCC18\SRC\TRADIT~1\MATH\temparg.asm
                 __TEMPB1   0x000012       data     extern C:\MCC18\SRC\TRADIT~1\MATH\temparg.asm
                   __TEMP   0x000013       data     extern C:\MCC18\SRC\TRADIT~1\MATH\temparg.asm
                 __TEMPB0   0x000013       data     extern C:\MCC18\SRC\TRADIT~1\MATH\temparg.asm
                  __tmp_0   0x000014       data     static G:\BikeImage\Code Main\main.c
                   PWM0_0   0x000100       data     static G:\BikeImage\Code Main\main.c
                   PWM1_0   0x000101       data     static G:\BikeImage\Code Main\main.c
                   PWM2_0   0x000102       data     static G:\BikeImage\Code Main\main.c
                   PWM3_0   0x000103       data     static G:\BikeImage\Code Main\main.c
                   PWM4_0   0x000104       data     static G:\BikeImage\Code Main\main.c
                   PWM5_0   0x000105       data     static G:\BikeImage\Code Main\main.c
                   PWM6_0   0x000106       data     static G:\BikeImage\Code Main\main.c
                   PWM7_0   0x000107       data     static G:\BikeImage\Code Main\main.c
                   PWM8_0   0x000108       data     static G:\BikeImage\Code Main\main.c
                   PWM9_0   0x000109       data     static G:\BikeImage\Code Main\main.c
                  PWM10_0   0x00010a       data     static G:\BikeImage\Code Main\main.c
                  PWM11_0   0x00010b       data     static G:\BikeImage\Code Main\main.c
                  PWM12_0   0x00010c       data     static G:\BikeImage\Code Main\main.c
                  PWM13_0   0x00010d       data     static G:\BikeImage\Code Main\main.c
                  PWM14_0   0x00010e       data     static G:\BikeImage\Code Main\main.c
                  PWM15_0   0x00010f       data     static G:\BikeImage\Code Main\main.c
                  PWM16_0   0x000110       data     static G:\BikeImage\Code Main\main.c
                  PWM17_0   0x000111       data     static G:\BikeImage\Code Main\main.c
                  PWM18_0   0x000112       data     static G:\BikeImage\Code Main\main.c
                  PWM19_0   0x000113       data     static G:\BikeImage\Code Main\main.c
                  PWM20_0   0x000114       data     static G:\BikeImage\Code Main\main.c
                  PWM21_0   0x000115       data     static G:\BikeImage\Code Main\main.c
                  PWM22_0   0x000116       data     static G:\BikeImage\Code Main\main.c
                  PWM23_0   0x000117       data     static G:\BikeImage\Code Main\main.c
                   PWM0_1   0x000118       data     static G:\BikeImage\Code Main\main.c
                   PWM1_1   0x000119       data     static G:\BikeImage\Code Main\main.c
                   PWM2_1   0x00011a       data     static G:\BikeImage\Code Main\main.c
                   PWM3_1   0x00011b       data     static G:\BikeImage\Code Main\main.c
                   PWM4_1   0x00011c       data     static G:\BikeImage\Code Main\main.c
                   PWM5_1   0x00011d       data     static G:\BikeImage\Code Main\main.c
                   PWM6_1   0x00011e       data     static G:\BikeImage\Code Main\main.c
                   PWM7_1   0x00011f       data     static G:\BikeImage\Code Main\main.c
                   PWM8_1   0x000120       data     static G:\BikeImage\Code Main\main.c
                   PWM9_1   0x000121       data     static G:\BikeImage\Code Main\main.c
                  PWM10_1   0x000122       data     static G:\BikeImage\Code Main\main.c
                  PWM11_1   0x000123       data     static G:\BikeImage\Code Main\main.c
                  PWM12_1   0x000124       data     static G:\BikeImage\Code Main\main.c
                  PWM13_1   0x000125       data     static G:\BikeImage\Code Main\main.c
                  PWM14_1   0x000126       data     static G:\BikeImage\Code Main\main.c
                  PWM15_1   0x000127       data     static G:\BikeImage\Code Main\main.c
                  PWM16_1   0x000128       data     static G:\BikeImage\Code Main\main.c
                  PWM17_1   0x000129       data     static G:\BikeImage\Code Main\main.c
                  PWM18_1   0x00012a       data     static G:\BikeImage\Code Main\main.c
                  PWM19_1   0x00012b       data     static G:\BikeImage\Code Main\main.c
                  PWM20_1   0x00012c       data     static G:\BikeImage\Code Main\main.c
                  PWM21_1   0x00012d       data     static G:\BikeImage\Code Main\main.c
                  PWM22_1   0x00012e       data     static G:\BikeImage\Code Main\main.c
                  PWM23_1   0x00012f       data     static G:\BikeImage\Code Main\main.c
                   PWM0_2   0x000130       data     static G:\BikeImage\Code Main\main.c
                   PWM1_2   0x000131       data     static G:\BikeImage\Code Main\main.c
                   PWM2_2   0x000132       data     static G:\BikeImage\Code Main\main.c
                   PWM3_2   0x000133       data     static G:\BikeImage\Code Main\main.c
                   PWM4_2   0x000134       data     static G:\BikeImage\Code Main\main.c
                   PWM5_2   0x000135       data     static G:\BikeImage\Code Main\main.c
                   PWM6_2   0x000136       data     static G:\BikeImage\Code Main\main.c
                   PWM7_2   0x000137       data     static G:\BikeImage\Code Main\main.c
                   PWM8_2   0x000138       data     static G:\BikeImage\Code Main\main.c
                   PWM9_2   0x000139       data     static G:\BikeImage\Code Main\main.c
                  PWM10_2   0x00013a       data     static G:\BikeImage\Code Main\main.c
                  PWM11_2   0x00013b       data     static G:\BikeImage\Code Main\main.c
                  PWM12_2   0x00013c       data     static G:\BikeImage\Code Main\main.c
                  PWM13_2   0x00013d       data     static G:\BikeImage\Code Main\main.c
                  PWM14_2   0x00013e       data     static G:\BikeImage\Code Main\main.c
                  PWM15_2   0x00013f       data     static G:\BikeImage\Code Main\main.c
                  PWM16_2   0x000140       data     static G:\BikeImage\Code Main\main.c
                  PWM17_2   0x000141       data     static G:\BikeImage\Code Main\main.c
                  PWM18_2   0x000142       data     static G:\BikeImage\Code Main\main.c
                  PWM19_2   0x000143       data     static G:\BikeImage\Code Main\main.c
                  PWM20_2   0x000144       data     static G:\BikeImage\Code Main\main.c
                  PWM21_2   0x000145       data     static G:\BikeImage\Code Main\main.c
                  PWM22_2   0x000146       data     static G:\BikeImage\Code Main\main.c
                  PWM23_2   0x000147       data     static G:\BikeImage\Code Main\main.c
                   PWM0_3   0x000148       data     static G:\BikeImage\Code Main\main.c
                   PWM1_3   0x000149       data     static G:\BikeImage\Code Main\main.c
                   PWM2_3   0x00014a       data     static G:\BikeImage\Code Main\main.c
                   PWM3_3   0x00014b       data     static G:\BikeImage\Code Main\main.c
                   PWM4_3   0x00014c       data     static G:\BikeImage\Code Main\main.c
                   PWM5_3   0x00014d       data     static G:\BikeImage\Code Main\main.c
                   PWM6_3   0x00014e       data     static G:\BikeImage\Code Main\main.c
                   PWM7_3   0x00014f       data     static G:\BikeImage\Code Main\main.c
                   PWM8_3   0x000150       data     static G:\BikeImage\Code Main\main.c
                   PWM9_3   0x000151       data     static G:\BikeImage\Code Main\main.c
                  PWM10_3   0x000152       data     static G:\BikeImage\Code Main\main.c
                  PWM11_3   0x000153       data     static G:\BikeImage\Code Main\main.c
                  PWM12_3   0x000154       data     static G:\BikeImage\Code Main\main.c
                  PWM13_3   0x000155       data     static G:\BikeImage\Code Main\main.c
                  PWM14_3   0x000156       data     static G:\BikeImage\Code Main\main.c
                  PWM15_3   0x000157       data     static G:\BikeImage\Code Main\main.c
                  PWM16_3   0x000158       data     static G:\BikeImage\Code Main\main.c
                  PWM17_3   0x000159       data     static G:\BikeImage\Code Main\main.c
                  PWM18_3   0x00015a       data     static G:\BikeImage\Code Main\main.c
                  PWM19_3   0x00015b       data     static G:\BikeImage\Code Main\main.c
                  PWM20_3   0x00015c       data     static G:\BikeImage\Code Main\main.c
                  PWM21_3   0x00015d       data     static G:\BikeImage\Code Main\main.c
                  PWM22_3   0x00015e       data     static G:\BikeImage\Code Main\main.c
                  PWM23_3   0x00015f       data     static G:\BikeImage\Code Main\main.c
                   PWM0_4   0x000160       data     static G:\BikeImage\Code Main\main.c
                   PWM1_4   0x000161       data     static G:\BikeImage\Code Main\main.c
                   PWM2_4   0x000162       data     static G:\BikeImage\Code Main\main.c
                   PWM3_4   0x000163       data     static G:\BikeImage\Code Main\main.c
                   PWM4_4   0x000164       data     static G:\BikeImage\Code Main\main.c
                   PWM5_4   0x000165       data     static G:\BikeImage\Code Main\main.c
                   PWM6_4   0x000166       data     static G:\BikeImage\Code Main\main.c
                   PWM7_4   0x000167       data     static G:\BikeImage\Code Main\main.c
                   PWM8_4   0x000168       data     static G:\BikeImage\Code Main\main.c
                   PWM9_4   0x000169       data     static G:\BikeImage\Code Main\main.c
                  PWM10_4   0x00016a       data     static G:\BikeImage\Code Main\main.c
                  PWM11_4   0x00016b       data     static G:\BikeImage\Code Main\main.c
                  PWM12_4   0x00016c       data     static G:\BikeImage\Code Main\main.c
                  PWM13_4   0x00016d       data     static G:\BikeImage\Code Main\main.c
                  PWM14_4   0x00016e       data     static G:\BikeImage\Code Main\main.c
                  PWM15_4   0x00016f       data     static G:\BikeImage\Code Main\main.c
                  PWM16_4   0x000170       data     static G:\BikeImage\Code Main\main.c
                  PWM17_4   0x000171       data     static G:\BikeImage\Code Main\main.c
                  PWM18_4   0x000172       data     static G:\BikeImage\Code Main\main.c
                  PWM19_4   0x000173       data     static G:\BikeImage\Code Main\main.c
                  PWM20_4   0x000174       data     static G:\BikeImage\Code Main\main.c
                  PWM21_4   0x000175       data     static G:\BikeImage\Code Main\main.c
                  PWM22_4   0x000176       data     static G:\BikeImage\Code Main\main.c
                  PWM23_4   0x000177       data     static G:\BikeImage\Code Main\main.c
                   PWM0_5   0x000178       data     static G:\BikeImage\Code Main\main.c
                   PWM1_5   0x000179       data     static G:\BikeImage\Code Main\main.c
                   PWM2_5   0x00017a       data     static G:\BikeImage\Code Main\main.c
                   PWM3_5   0x00017b       data     static G:\BikeImage\Code Main\main.c
                   PWM4_5   0x00017c       data     static G:\BikeImage\Code Main\main.c
                   PWM5_5   0x00017d       data     static G:\BikeImage\Code Main\main.c
                   PWM6_5   0x00017e       data     static G:\BikeImage\Code Main\main.c
                   PWM7_5   0x00017f       data     static G:\BikeImage\Code Main\main.c
                   PWM8_5   0x000180       data     static G:\BikeImage\Code Main\main.c
                   PWM9_5   0x000181       data     static G:\BikeImage\Code Main\main.c
                  PWM10_5   0x000182       data     static G:\BikeImage\Code Main\main.c
                  PWM11_5   0x000183       data     static G:\BikeImage\Code Main\main.c
                  PWM12_5   0x000184       data     static G:\BikeImage\Code Main\main.c
                  PWM13_5   0x000185       data     static G:\BikeImage\Code Main\main.c
                  PWM14_5   0x000186       data     static G:\BikeImage\Code Main\main.c
                  PWM15_5   0x000187       data     static G:\BikeImage\Code Main\main.c
                  PWM16_5   0x000188       data     static G:\BikeImage\Code Main\main.c
                  PWM17_5   0x000189       data     static G:\BikeImage\Code Main\main.c
                  PWM18_5   0x00018a       data     static G:\BikeImage\Code Main\main.c
                  PWM19_5   0x00018b       data     static G:\BikeImage\Code Main\main.c
                  PWM20_5   0x00018c       data     static G:\BikeImage\Code Main\main.c
                  PWM21_5   0x00018d       data     static G:\BikeImage\Code Main\main.c
                  PWM22_5   0x00018e       data     static G:\BikeImage\Code Main\main.c
                  PWM23_5   0x00018f       data     static G:\BikeImage\Code Main\main.c
             PWMTickCount   0x000190       data     static G:\BikeImage\Code Main\main.c
                  Segment   0x000191       data     static G:\BikeImage\Code Main\main.c
                    Pixel   0x000192       data     static G:\BikeImage\Code Main\main.c
             CurrentPixel   0x000193       data     static G:\BikeImage\Code Main\main.c
        EffectPixelOffset   0x000194       data     static G:\BikeImage\Code Main\main.c
             PixelPointer   0x000195       data     static G:\BikeImage\Code Main\main.c
        PixelPointerUpper   0x000197       data     static G:\BikeImage\Code Main\main.c
        PixelPointerLower   0x000198       data     static G:\BikeImage\Code Main\main.c
               TargetTime   0x000199       data     static G:\BikeImage\Code Main\main.c
            CorrectedTime   0x00019d       data     static G:\BikeImage\Code Main\main.c
                TurnStart   0x0001a1       data     static G:\BikeImage\Code Main\main.c
              EffectStart   0x0001a5       data     static G:\BikeImage\Code Main\main.c
             EffectLength   0x0001a9       data     static G:\BikeImage\Code Main\main.c
                     prom   0x0001ad       data     static C:\MCC18\src\traditional\startup\c018i.c
                curr_byte   0x0001b0       data     static C:\MCC18\src\traditional\startup\c018i.c
               curr_entry   0x0001b2       data     static C:\MCC18\src\traditional\startup\c018i.c
                 data_ptr   0x0001b4       data     static C:\MCC18\src\traditional\startup\c018i.c
                TickCount   0x0001b7       data     extern G:\BikeImage\Code Main\main.c
                  SPPDATA   0x000f62       data     extern C:\MCC18\SRC\TRADIT~1\PROC\p18f4550.asm
                   SPPCFG   0x000f63       data     extern C:\MCC18\SRC\TRADIT~1\PROC\p18f4550.asm
               SPPCFGbits   0x000f63       data     extern C:\MCC18\SRC\TRADIT~1\PROC\p18f4550.asm
               SPPEPSbits   0x000f64       data     extern C:\MCC18\SRC\TRADIT~1\PROC\p18f4550.asm
                   SPPEPS   0x000f64       data     extern C:\MCC18\SRC\TRADIT~1\PROC\p18f4550.asm
               SPPCONbits   0x000f65       data     extern C:\MCC18\SRC\TRADIT~1\PROC\p18f4550.asm
                   SPPCON   0x000f65       data     extern C:\MCC18\SRC\TRADIT~1\PROC\p18f4550.asm
                     UFRM   0x000f66       data     extern C:\MCC18\SRC\TRADIT~1\PROC\p18f4550.asm
                    UFRML   0x000f66       data     extern C:\MCC18\SRC\TRADIT~1\PROC\p18f4550.asm
                UFRMLbits   0x000f66       data     extern C:\MCC18\SRC\TRADIT~1\PROC\p18f4550.asm
                    UFRMH   0x000f67       data     extern C:\MCC18\SRC\TRADIT~1\PROC\p18f4550.asm
                UFRMHbits   0x000f67       data     extern C:\MCC18\SRC\TRADIT~1\PROC\p18f4550.asm
                      UIR   0x000f68       data     extern C:\MCC18\SRC\TRADIT~1\PROC\p18f4550.asm
                  UIRbits   0x000f68       data     extern C:\MCC18\SRC\TRADIT~1\PROC\p18f4550.asm
                      UIE   0x000f69       data     extern C:\MCC18\SRC\TRADIT~1\PROC\p18f4550.asm
                  UIEbits   0x000f69       data     extern C:\MCC18\SRC\TRADIT~1\PROC\p18f4550.asm
                     UEIR   0x000f6a       data     extern C:\MCC18\SRC\TRADIT~1\PROC\p18f4550.asm
                 UEIRbits   0x000f6a       data     extern C:\MCC18\SRC\TRADIT~1\PROC\p18f4550.asm
                 UEIEbits   0x000f6b       data     extern C:\MCC18\SRC\TRADIT~1\PROC\p18f4550.asm
                     UEIE   0x000f6b       data     extern C:\MCC18\SRC\TRADIT~1\PROC\p18f4550.asm
                    USTAT   0x000f6c       data     extern C:\MCC18\SRC\TRADIT~1\PROC\p18f4550.asm
                USTATbits   0x000f6c       data     extern C:\MCC18\SRC\TRADIT~1\PROC\p18f4550.asm
                 UCONbits   0x000f6d       data     extern C:\MCC18\SRC\TRADIT~1\PROC\p18f4550.asm
                     UCON   0x000f6d       data     extern C:\MCC18\SRC\TRADIT~1\PROC\p18f4550.asm
                UADDRbits   0x000f6e       data     extern C:\MCC18\SRC\TRADIT~1\PROC\p18f4550.asm
[...]
                    UEP10   0x000f7a       data     extern C:\MCC18\SRC\TRADIT~1\PROC\p18f4550.asm
                UEP11bits   0x000f7b       data     extern C:\MCC18\SRC\TRADIT~1\PROC\p18f4550.asm
                    UEP11   0x000f7b       data     extern C:\MCC18\SRC\TRADIT~1\PROC\p18f4550.asm
                    UEP12   0x000f7c       data     extern C:\MCC18\SRC\TRADIT~1\PROC\p18f4550.asm
                UEP12bits   0x000f7c       data     extern C:\MCC18\SRC\TRADIT~1\PROC\p18f4550.asm
                UEP13bits   0x000f7d       data     extern C:\MCC18\SRC\TRADIT~1\PROC\p18f4550.asm
                    UEP13   0x000f7d       data     extern C:\MCC18\SRC\TRADIT~1\PROC\p18f4550.asm
                UEP14bits   0x000f7e       data     extern C:\MCC18\SRC\TRADIT~1\PROC\p18f4550.asm
                    UEP14   0x000f7e       data     extern C:\MCC18\SRC\TRADIT~1\PROC\p18f4550.asm
                    UEP15   0x000f7f       data     extern C:\MCC18\SRC\TRADIT~1\PROC\p18f4550.asm
                UEP15bits   0x000f7f       data     extern C:\MCC18\SRC\TRADIT~1\PROC\p18f4550.asm
                    PORTA   0x000f80       data     extern C:\MCC18\SRC\TRADIT~1\PROC\p18f4550.asm
                PORTAbits   0x000f80       data     extern C:\MCC18\SRC\TRADIT~1\PROC\p18f4550.asm
                    PORTB   0x000f81       data     extern C:\MCC18\SRC\TRADIT~1\PROC\p18f4550.asm
                PORTBbits   0x000f81       data     extern C:\MCC18\SRC\TRADIT~1\PROC\p18f4550.asm
                    PORTC   0x000f82       data     extern C:\MCC18\SRC\TRADIT~1\PROC\p18f4550.asm
                PORTCbits   0x000f82       data     extern C:\MCC18\SRC\TRADIT~1\PROC\p18f4550.asm
                PORTDbits   0x000f83       data     extern C:\MCC18\SRC\TRADIT~1\PROC\p18f4550.asm
                    PORTD   0x000f83       data     extern C:\MCC18\SRC\TRADIT~1\PROC\p18f4550.asm
                    PORTE   0x000f84       data     extern C:\MCC18\SRC\TRADIT~1\PROC\p18f4550.asm
                PORTEbits   0x000f84       data     extern C:\MCC18\SRC\TRADIT~1\PROC\p18f4550.asm
                 LATAbits   0x000f89       data     extern C:\MCC18\SRC\TRADIT~1\PROC\p18f4550.asm
                     LATA   0x000f89       data     extern C:\MCC18\SRC\TRADIT~1\PROC\p18f4550.asm
                 LATBbits   0x000f8a       data     extern C:\MCC18\SRC\TRADIT~1\PROC\p18f4550.asm
                     LATB   0x000f8a       data     extern C:\MCC18\SRC\TRADIT~1\PROC\p18f4550.asm
                 LATCbits   0x000f8b       data     extern C:\MCC18\SRC\TRADIT~1\PROC\p18f4550.asm
                     LATC   0x000f8b       data     extern C:\MCC18\SRC\TRADIT~1\PROC\p18f4550.asm
                 LATDbits   0x000f8c       data     extern C:\MCC18\SRC\TRADIT~1\PROC\p18f4550.asm
                     LATD   0x000f8c       data     extern C:\MCC18\SRC\TRADIT~1\PROC\p18f4550.asm
                     LATE   0x000f8d       data     extern C:\MCC18\SRC\TRADIT~1\PROC\p18f4550.asm
                 LATEbits   0x000f8d       data     extern C:\MCC18\SRC\TRADIT~1\PROC\p18f4550.asm
                 DDRAbits   0x000f92       data     extern C:\MCC18\SRC\TRADIT~1\PROC\p18f4550.asm
                     DDRA   0x000f92       data     extern C:\MCC18\SRC\TRADIT~1\PROC\p18f4550.asm
                    TRISA   0x000f92       data     extern C:\MCC18\SRC\TRADIT~1\PROC\p18f4550.asm
                TRISAbits   0x000f92       data     extern C:\MCC18\SRC\TRADIT~1\PROC\p18f4550.asm
                TRISBbits   0x000f93       data     extern C:\MCC18\SRC\TRADIT~1\PROC\p18f4550.asm
                    TRISB   0x000f93       data     extern C:\MCC18\SRC\TRADIT~1\PROC\p18f4550.asm
                 DDRBbits   0x000f93       data     extern C:\MCC18\SRC\TRADIT~1\PROC\p18f4550.asm
                     DDRB   0x000f93       data     extern C:\MCC18\SRC\TRADIT~1\PROC\p18f4550.asm
                TRISCbits   0x000f94       data     extern C:\MCC18\SRC\TRADIT~1\PROC\p18f4550.asm
                    TRISC   0x000f94       data     extern C:\MCC18\SRC\TRADIT~1\PROC\p18f4550.asm
                 DDRCbits   0x000f94       data     extern C:\MCC18\SRC\TRADIT~1\PROC\p18f4550.asm
                     DDRC   0x000f94       data     extern C:\MCC18\SRC\TRADIT~1\PROC\p18f4550.asm
                    TRISD   0x000f95       data     extern C:\MCC18\SRC\TRADIT~1\PROC\p18f4550.asm
                     DDRD   0x000f95       data     extern C:\MCC18\SRC\TRADIT~1\PROC\p18f4550.asm
                 DDRDbits   0x000f95       data     extern C:\MCC18\SRC\TRADIT~1\PROC\p18f4550.asm
                TRISDbits   0x000f95       data     extern C:\MCC18\SRC\TRADIT~1\PROC\p18f4550.asm
                     DDRE   0x000f96       data     extern C:\MCC18\SRC\TRADIT~1\PROC\p18f4550.asm
                 DDREbits   0x000f96       data     extern C:\MCC18\SRC\TRADIT~1\PROC\p18f4550.asm
                TRISEbits   0x000f96       data     extern C:\MCC18\SRC\TRADIT~1\PROC\p18f4550.asm
                    TRISE   0x000f96       data     extern C:\MCC18\SRC\TRADIT~1\PROC\p18f4550.asm
              OSCTUNEbits   0x000f9b       data     extern C:\MCC18\SRC\TRADIT~1\PROC\p18f4550.asm
                  OSCTUNE   0x000f9b       data     extern C:\MCC18\SRC\TRADIT~1\PROC\p18f4550.asm
                 PIE1bits   0x000f9d       data     extern C:\MCC18\SRC\TRADIT~1\PROC\p18f4550.asm
                     PIE1   0x000f9d       data     extern C:\MCC18\SRC\TRADIT~1\PROC\p18f4550.asm
                     PIR1   0x000f9e       data     extern C:\MCC18\SRC\TRADIT~1\PROC\p18f4550.asm
                 PIR1bits   0x000f9e       data     extern C:\MCC18\SRC\TRADIT~1\PROC\p18f4550.asm
                 IPR1bits   0x000f9f       data     extern C:\MCC18\SRC\TRADIT~1\PROC\p18f4550.asm
                     IPR1   0x000f9f       data     extern C:\MCC18\SRC\TRADIT~1\PROC\p18f4550.asm
                     PIE2   0x000fa0       data     extern C:\MCC18\SRC\TRADIT~1\PROC\p18f4550.asm
                 PIE2bits   0x000fa0       data     extern C:\MCC18\SRC\TRADIT~1\PROC\p18f4550.asm
                     PIR2   0x000fa1       data     extern C:\MCC18\SRC\TRADIT~1\PROC\p18f4550.asm
                 PIR2bits   0x000fa1       data     extern C:\MCC18\SRC\TRADIT~1\PROC\p18f4550.asm
                     IPR2   0x000fa2       data     extern C:\MCC18\SRC\TRADIT~1\PROC\p18f4550.asm
                 IPR2bits   0x000fa2       data     extern C:\MCC18\SRC\TRADIT~1\PROC\p18f4550.asm
               EECON1bits   0x000fa6       data     extern C:\MCC18\SRC\TRADIT~1\PROC\p18f4550.asm
                   EECON1   0x000fa6       data     extern C:\MCC18\SRC\TRADIT~1\PROC\p18f4550.asm
                   EECON2   0x000fa7       data     extern C:\MCC18\SRC\TRADIT~1\PROC\p18f4550.asm
                   EEDATA   0x000fa8       data     extern C:\MCC18\SRC\TRADIT~1\PROC\p18f4550.asm
                    EEADR   0x000fa9       data     extern C:\MCC18\SRC\TRADIT~1\PROC\p18f4550.asm
                RCSTAbits   0x000fab       data     extern C:\MCC18\SRC\TRADIT~1\PROC\p18f4550.asm
                    RCSTA   0x000fab       data     extern C:\MCC18\SRC\TRADIT~1\PROC\p18f4550.asm
                TXSTAbits   0x000fac       data     extern C:\MCC18\SRC\TRADIT~1\PROC\p18f4550.asm
                    TXSTA   0x000fac       data     extern C:\MCC18\SRC\TRADIT~1\PROC\p18f4550.asm
                    TXREG   0x000fad       data     extern C:\MCC18\SRC\TRADIT~1\PROC\p18f4550.asm
                    RCREG   0x000fae       data     extern C:\MCC18\SRC\TRADIT~1\PROC\p18f4550.asm
                    SPBRG   0x000faf       data     extern C:\MCC18\SRC\TRADIT~1\PROC\p18f4550.asm
                   SPBRGH   0x000fb0       data     extern C:\MCC18\SRC\TRADIT~1\PROC\p18f4550.asm
                    T3CON   0x000fb1       data     extern C:\MCC18\SRC\TRADIT~1\PROC\p18f4550.asm
                T3CONbits   0x000fb1       data     extern C:\MCC18\SRC\TRADIT~1\PROC\p18f4550.asm
                    TMR3L   0x000fb2       data     extern C:\MCC18\SRC\TRADIT~1\PROC\p18f4550.asm
                    TMR3H   0x000fb3       data     extern C:\MCC18\SRC\TRADIT~1\PROC\p18f4550.asm
                CMCONbits   0x000fb4       data     extern C:\MCC18\SRC\TRADIT~1\PROC\p18f4550.asm
                    CMCON   0x000fb4       data     extern C:\MCC18\SRC\TRADIT~1\PROC\p18f4550.asm
                   CVRCON   0x000fb5       data     extern C:\MCC18\SRC\TRADIT~1\PROC\p18f4550.asm
               CVRCONbits   0x000fb5       data     extern C:\MCC18\SRC\TRADIT~1\PROC\p18f4550.asm
               CCP1ASbits   0x000fb6       data     extern C:\MCC18\SRC\TRADIT~1\PROC\p18f4550.asm
                  ECCP1AS   0x000fb6       data     extern C:\MCC18\SRC\TRADIT~1\PROC\p18f4550.asm
                   CCP1AS   0x000fb6       data     extern C:\MCC18\SRC\TRADIT~1\PROC\p18f4550.asm
              ECCP1ASbits   0x000fb6       data     extern C:\MCC18\SRC\TRADIT~1\PROC\p18f4550.asm
                 ECCP1DEL   0x000fb7       data     extern C:\MCC18\SRC\TRADIT~1\PROC\p18f4550.asm
             ECCP1DELbits   0x000fb7       data     extern C:\MCC18\SRC\TRADIT~1\PROC\p18f4550.asm
              CCP1DELbits   0x000fb7       data     extern C:\MCC18\SRC\TRADIT~1\PROC\p18f4550.asm
                  CCP1DEL   0x000fb7       data     extern C:\MCC18\SRC\TRADIT~1\PROC\p18f4550.asm
              BAUDCONbits   0x000fb8       data     extern C:\MCC18\SRC\TRADIT~1\PROC\p18f4550.asm
                  BAUDCON   0x000fb8       data     extern C:\MCC18\SRC\TRADIT~1\PROC\p18f4550.asm
                  CCP2CON   0x000fba       data     extern C:\MCC18\SRC\TRADIT~1\PROC\p18f4550.asm
              CCP2CONbits   0x000fba       data     extern C:\MCC18\SRC\TRADIT~1\PROC\p18f4550.asm
                    CCPR2   0x000fbb       data     extern C:\MCC18\SRC\TRADIT~1\PROC\p18f4550.asm
                   CCPR2L   0x000fbb       data     extern C:\MCC18\SRC\TRADIT~1\PROC\p18f4550.asm
                   CCPR2H   0x000fbc       data     extern C:\MCC18\SRC\TRADIT~1\PROC\p18f4550.asm
                 ECCP1CON   0x000fbd       data     extern C:\MCC18\SRC\TRADIT~1\PROC\p18f4550.asm
             ECCP1CONbits   0x000fbd       data     extern C:\MCC18\SRC\TRADIT~1\PROC\p18f4550.asm
              CCP1CONbits   0x000fbd       data     extern C:\MCC18\SRC\TRADIT~1\PROC\p18f4550.asm
                  CCP1CON   0x000fbd       data     extern C:\MCC18\SRC\TRADIT~1\PROC\p18f4550.asm
                    CCPR1   0x000fbe       data     extern C:\MCC18\SRC\TRADIT~1\PROC\p18f4550.asm
                   CCPR1L   0x000fbe       data     extern C:\MCC18\SRC\TRADIT~1\PROC\p18f4550.asm
                   CCPR1H   0x000fbf       data     extern C:\MCC18\SRC\TRADIT~1\PROC\p18f4550.asm
               ADCON2bits   0x000fc0       data     extern C:\MCC18\SRC\TRADIT~1\PROC\p18f4550.asm
                   ADCON2   0x000fc0       data     extern C:\MCC18\SRC\TRADIT~1\PROC\p18f4550.asm
               ADCON1bits   0x000fc1       data     extern C:\MCC18\SRC\TRADIT~1\PROC\p18f4550.asm
                   ADCON1   0x000fc1       data     extern C:\MCC18\SRC\TRADIT~1\PROC\p18f4550.asm
                   ADCON0   0x000fc2       data     extern C:\MCC18\SRC\TRADIT~1\PROC\p18f4550.asm
               ADCON0bits   0x000fc2       data     extern C:\MCC18\SRC\TRADIT~1\PROC\p18f4550.asm
                    ADRES   0x000fc3       data     extern C:\MCC18\SRC\TRADIT~1\PROC\p18f4550.asm
                   ADRESL   0x000fc3       data     extern C:\MCC18\SRC\TRADIT~1\PROC\p18f4550.asm
                   ADRESH   0x000fc4       data     extern C:\MCC18\SRC\TRADIT~1\PROC\p18f4550.asm
              SSPCON2bits   0x000fc5       data     extern C:\MCC18\SRC\TRADIT~1\PROC\p18f4550.asm
                  SSPCON2   0x000fc5       data     extern C:\MCC18\SRC\TRADIT~1\PROC\p18f4550.asm
              SSPCON1bits   0x000fc6       data     extern C:\MCC18\SRC\TRADIT~1\PROC\p18f4550.asm
                  SSPCON1   0x000fc6       data     extern C:\MCC18\SRC\TRADIT~1\PROC\p18f4550.asm
              SSPSTATbits   0x000fc7       data     extern C:\MCC18\SRC\TRADIT~1\PROC\p18f4550.asm
                  SSPSTAT   0x000fc7       data     extern C:\MCC18\SRC\TRADIT~1\PROC\p18f4550.asm
                   SSPADD   0x000fc8       data     extern C:\MCC18\SRC\TRADIT~1\PROC\p18f4550.asm
                   SSPBUF   0x000fc9       data     extern C:\MCC18\SRC\TRADIT~1\PROC\p18f4550.asm
                T2CONbits   0x000fca       data     extern C:\MCC18\SRC\TRADIT~1\PROC\p18f4550.asm
                    T2CON   0x000fca       data     extern C:\MCC18\SRC\TRADIT~1\PROC\p18f4550.asm
                      PR2   0x000fcb       data     extern C:\MCC18\SRC\TRADIT~1\PROC\p18f4550.asm
                     TMR2   0x000fcc       data     extern C:\MCC18\SRC\TRADIT~1\PROC\p18f4550.asm
                    T1CON   0x000fcd       data     extern C:\MCC18\SRC\TRADIT~1\PROC\p18f4550.asm
                T1CONbits   0x000fcd       data     extern C:\MCC18\SRC\TRADIT~1\PROC\p18f4550.asm
                    TMR1L   0x000fce       data     extern C:\MCC18\SRC\TRADIT~1\PROC\p18f4550.asm
                    TMR1H   0x000fcf       data     extern C:\MCC18\SRC\TRADIT~1\PROC\p18f4550.asm
                     RCON   0x000fd0       data     extern C:\MCC18\SRC\TRADIT~1\PROC\p18f4550.asm
                 RCONbits   0x000fd0       data     extern C:\MCC18\SRC\TRADIT~1\PROC\p18f4550.asm
                   WDTCON   0x000fd1       data     extern C:\MCC18\SRC\TRADIT~1\PROC\p18f4550.asm
               WDTCONbits   0x000fd1       data     extern C:\MCC18\SRC\TRADIT~1\PROC\p18f4550.asm
                  HLVDCON   0x000fd2       data     extern C:\MCC18\SRC\TRADIT~1\PROC\p18f4550.asm
              HLVDCONbits   0x000fd2       data     extern C:\MCC18\SRC\TRADIT~1\PROC\p18f4550.asm
                   LVDCON   0x000fd2       data     extern C:\MCC18\SRC\TRADIT~1\PROC\p18f4550.asm
               LVDCONbits   0x000fd2       data     extern C:\MCC18\SRC\TRADIT~1\PROC\p18f4550.asm
                   OSCCON   0x000fd3       data     extern C:\MCC18\SRC\TRADIT~1\PROC\p18f4550.asm
               OSCCONbits   0x000fd3       data     extern C:\MCC18\SRC\TRADIT~1\PROC\p18f4550.asm
                    T0CON   0x000fd5       data     extern C:\MCC18\SRC\TRADIT~1\PROC\p18f4550.asm
                T0CONbits   0x000fd5       data     extern C:\MCC18\SRC\TRADIT~1\PROC\p18f4550.asm
                    TMR0L   0x000fd6       data     extern C:\MCC18\SRC\TRADIT~1\PROC\p18f4550.asm
                    TMR0H   0x000fd7       data     extern C:\MCC18\SRC\TRADIT~1\PROC\p18f4550.asm
                   STATUS   0x000fd8       data     extern C:\MCC18\SRC\TRADIT~1\PROC\p18f4550.asm
               STATUSbits   0x000fd8       data     extern C:\MCC18\SRC\TRADIT~1\PROC\p18f4550.asm
                    FSR2L   0x000fd9       data     extern C:\MCC18\SRC\TRADIT~1\PROC\p18f4550.asm
                     FSR2   0x000fd9       data     extern C:\MCC18\SRC\TRADIT~1\PROC\p18f4550.asm
                    FSR2H   0x000fda       data     extern C:\MCC18\SRC\TRADIT~1\PROC\p18f4550.asm
                   PLUSW2   0x000fdb       data     extern C:\MCC18\SRC\TRADIT~1\PROC\p18f4550.asm
                  PREINC2   0x000fdc       data     extern C:\MCC18\SRC\TRADIT~1\PROC\p18f4550.asm
                 POSTDEC2   0x000fdd       data     extern C:\MCC18\SRC\TRADIT~1\PROC\p18f4550.asm
                 POSTINC2   0x000fde       data     extern C:\MCC18\SRC\TRADIT~1\PROC\p18f4550.asm
                    INDF2   0x000fdf       data     extern C:\MCC18\SRC\TRADIT~1\PROC\p18f4550.asm
                      BSR   0x000fe0       data     extern C:\MCC18\SRC\TRADIT~1\PROC\p18f4550.asm
                     FSR1   0x000fe1       data     extern C:\MCC18\SRC\TRADIT~1\PROC\p18f4550.asm
                    FSR1L   0x000fe1       data     extern C:\MCC18\SRC\TRADIT~1\PROC\p18f4550.asm
                    FSR1H   0x000fe2       data     extern C:\MCC18\SRC\TRADIT~1\PROC\p18f4550.asm
                   PLUSW1   0x000fe3       data     extern C:\MCC18\SRC\TRADIT~1\PROC\p18f4550.asm
                  PREINC1   0x000fe4       data     extern C:\MCC18\SRC\TRADIT~1\PROC\p18f4550.asm
                 POSTDEC1   0x000fe5       data     extern C:\MCC18\SRC\TRADIT~1\PROC\p18f4550.asm
                 POSTINC1   0x000fe6       data     extern C:\MCC18\SRC\TRADIT~1\PROC\p18f4550.asm
                    INDF1   0x000fe7       data     extern C:\MCC18\SRC\TRADIT~1\PROC\p18f4550.asm
                     WREG   0x000fe8       data     extern C:\MCC18\SRC\TRADIT~1\PROC\p18f4550.asm
                    FSR0L   0x000fe9       data     extern C:\MCC18\SRC\TRADIT~1\PROC\p18f4550.asm
                     FSR0   0x000fe9       data     extern C:\MCC18\SRC\TRADIT~1\PROC\p18f4550.asm
                    FSR0H   0x000fea       data     extern C:\MCC18\SRC\TRADIT~1\PROC\p18f4550.asm
                   PLUSW0   0x000feb       data     extern C:\MCC18\SRC\TRADIT~1\PROC\p18f4550.asm
                  PREINC0   0x000fec       data     extern C:\MCC18\SRC\TRADIT~1\PROC\p18f4550.asm
                 POSTDEC0   0x000fed       data     extern C:\MCC18\SRC\TRADIT~1\PROC\p18f4550.asm
                 POSTINC0   0x000fee       data     extern C:\MCC18\SRC\TRADIT~1\PROC\p18f4550.asm
                    INDF0   0x000fef       data     extern C:\MCC18\SRC\TRADIT~1\PROC\p18f4550.asm
                  INTCON3   0x000ff0       data     extern C:\MCC18\SRC\TRADIT~1\PROC\p18f4550.asm
              INTCON3bits   0x000ff0       data     extern C:\MCC18\SRC\TRADIT~1\PROC\p18f4550.asm
                  INTCON2   0x000ff1       data     extern C:\MCC18\SRC\TRADIT~1\PROC\p18f4550.asm
              INTCON2bits   0x000ff1       data     extern C:\MCC18\SRC\TRADIT~1\PROC\p18f4550.asm
                   INTCON   0x000ff2       data     extern C:\MCC18\SRC\TRADIT~1\PROC\p18f4550.asm
               INTCONbits   0x000ff2       data     extern C:\MCC18\SRC\TRADIT~1\PROC\p18f4550.asm
                     PROD   0x000ff3       data     extern C:\MCC18\SRC\TRADIT~1\PROC\p18f4550.asm
                    PRODL   0x000ff3       data     extern C:\MCC18\SRC\TRADIT~1\PROC\p18f4550.asm
                    PRODH   0x000ff4       data     extern C:\MCC18\SRC\TRADIT~1\PROC\p18f4550.asm
                   TABLAT   0x000ff5       data     extern C:\MCC18\SRC\TRADIT~1\PROC\p18f4550.asm
                   TBLPTR   0x000ff6       data     extern C:\MCC18\SRC\TRADIT~1\PROC\p18f4550.asm
                  TBLPTRL   0x000ff6       data     extern C:\MCC18\SRC\TRADIT~1\PROC\p18f4550.asm
                  TBLPTRH   0x000ff7       data     extern C:\MCC18\SRC\TRADIT~1\PROC\p18f4550.asm
                  TBLPTRU   0x000ff8       data     extern C:\MCC18\SRC\TRADIT~1\PROC\p18f4550.asm
                      PCL   0x000ff9       data     extern C:\MCC18\SRC\TRADIT~1\PROC\p18f4550.asm
                       PC   0x000ff9       data     extern C:\MCC18\SRC\TRADIT~1\PROC\p18f4550.asm
                   PCLATH   0x000ffa       data     extern C:\MCC18\SRC\TRADIT~1\PROC\p18f4550.asm
                   PCLATU   0x000ffb       data     extern C:\MCC18\SRC\TRADIT~1\PROC\p18f4550.asm
                   STKPTR   0x000ffc       data     extern C:\MCC18\SRC\TRADIT~1\PROC\p18f4550.asm
               STKPTRbits   0x000ffc       data     extern C:\MCC18\SRC\TRADIT~1\PROC\p18f4550.asm
                      TOS   0x000ffd       data     extern C:\MCC18\SRC\TRADIT~1\PROC\p18f4550.asm
                     TOSL   0x000ffd       data     extern C:\MCC18\SRC\TRADIT~1\PROC\p18f4550.asm
                     TOSH   0x000ffe       data     extern C:\MCC18\SRC\TRADIT~1\PROC\p18f4550.asm
                     TOSU   0x000fff       data     extern C:\MCC18\SRC\TRADIT~1\PROC\p18f4550.asm


